[Compiling UVM testbench...]
QuestaSim-64 vlog 2021.2_1 Compiler 2021.05 May 15 2021
Start time: 15:22:06 on Aug 31,2026
vlog -sv -mfcu -work work "+incdir+/home/paranthapa/Downloads/questasim/verilog_src/uvm-1.2/src" /home/paranthapa/Downloads/questasim/verilog_src/uvm-1.2/src/uvm_pkg.sv -f filelist.f 
-- Compiling package uvm_pkg (uvm-1.2 Built-in)
-- Compiling module cmsdk_apb_watchdog_frc
-- Compiling module cmsdk_apb_watchdog
-- Compiling interface wdog_apb_if
-- Compiling interface wdog_domain_if
-- Compiling package watchdog_ral
-- Importing package uvm_pkg (uvm-1.2 Built-in)
-- Compiling package wdog_pkg
-- Importing package watchdog_ral
-- Compiling package uvm_pkg_sv_unit
-- Importing package uvm_pkg (uvm-1.2 Built-in)
-- Importing package wdog_pkg
-- Importing package watchdog_ral
-- Compiling module tb_top

Top level modules:
	tb_top
End time: 15:22:07 on Aug 31,2026, Elapsed time: 0:00:01
Errors: 0, Warnings: 0
