
hello.o:     file format elf32-littlearm


Disassembly of section .text:

00000000 <__isr_vector>:
       0:	2000fc00 	.word	0x2000fc00
       4:	00000125 	.word	0x00000125
       8:	0000016d 	.word	0x0000016d
       c:	0000016f 	.word	0x0000016f
      10:	00000171 	.word	0x00000171
      14:	00000173 	.word	0x00000173
      18:	00000175 	.word	0x00000175
	...
      2c:	00000177 	.word	0x00000177
      30:	00000179 	.word	0x00000179
      34:	00000000 	.word	0x00000000
      38:	0000017b 	.word	0x0000017b
      3c:	0000017d 	.word	0x0000017d
      40:	0000017f 	.word	0x0000017f
      44:	00000181 	.word	0x00000181
      48:	00000183 	.word	0x00000183
      4c:	00000185 	.word	0x00000185
      50:	00000187 	.word	0x00000187
      54:	00000189 	.word	0x00000189
      58:	0000018b 	.word	0x0000018b
      5c:	0000018d 	.word	0x0000018d
      60:	0000018f 	.word	0x0000018f
      64:	00000191 	.word	0x00000191
      68:	00000193 	.word	0x00000193
      6c:	00000195 	.word	0x00000195
      70:	00000197 	.word	0x00000197
      74:	00000199 	.word	0x00000199
      78:	0000019b 	.word	0x0000019b
      7c:	0000019d 	.word	0x0000019d
      80:	0000019f 	.word	0x0000019f
      84:	000001a1 	.word	0x000001a1
      88:	000001a3 	.word	0x000001a3
      8c:	000001a5 	.word	0x000001a5
      90:	000001a7 	.word	0x000001a7
      94:	000001a9 	.word	0x000001a9
      98:	000001ab 	.word	0x000001ab
      9c:	000001ad 	.word	0x000001ad
      a0:	000001af 	.word	0x000001af
      a4:	000001b1 	.word	0x000001b1
      a8:	000001b3 	.word	0x000001b3
      ac:	000001b5 	.word	0x000001b5
      b0:	000001b7 	.word	0x000001b7
      b4:	000001b9 	.word	0x000001b9
      b8:	000001bb 	.word	0x000001bb
      bc:	000001bd 	.word	0x000001bd
      c0:	000001bf 	.word	0x000001bf
      c4:	000001c1 	.word	0x000001c1
      c8:	000001c3 	.word	0x000001c3
      cc:	000001c5 	.word	0x000001c5
      d0:	000001c7 	.word	0x000001c7
      d4:	000001c9 	.word	0x000001c9
      d8:	000001cb 	.word	0x000001cb
      dc:	000001cd 	.word	0x000001cd
      e0:	000001cf 	.word	0x000001cf
      e4:	000001d1 	.word	0x000001d1
      e8:	000001d3 	.word	0x000001d3
      ec:	000001d5 	.word	0x000001d5
      f0:	000001d7 	.word	0x000001d7
      f4:	000001d9 	.word	0x000001d9
      f8:	000001db 	.word	0x000001db
      fc:	000001dd 	.word	0x000001dd
     100:	000001df 	.word	0x000001df
     104:	000001e1 	.word	0x000001e1
     108:	000001e3 	.word	0x000001e3
     10c:	000001e5 	.word	0x000001e5
     110:	000001e7 	.word	0x000001e7
     114:	000001e9 	.word	0x000001e9
     118:	000001eb 	.word	0x000001eb
     11c:	000001ed 	.word	0x000001ed
     120:	000001ef 	.word	0x000001ef

00000124 <Reset_Handler>:
 *      linker script.
 *      __etext: End of code section, i.e., begin of data sections to copy from.
 *      __data_start__/__data_end__: RAM address range that data should be
 *      copied to. Both must be aligned to 4 bytes boundary.  */

    ldr    r1, =__etext
     124:	490b      	ldr	r1, [pc, #44]	@ (154 <Reset_Handler+0x30>)
    ldr    r2, =__data_start__
     126:	4a0c      	ldr	r2, [pc, #48]	@ (158 <Reset_Handler+0x34>)
    ldr    r3, =__data_end__
     128:	4b0c      	ldr	r3, [pc, #48]	@ (15c <Reset_Handler+0x38>)

    subs    r3, r2
     12a:	1a9b      	subs	r3, r3, r2
    ble    .LC1
     12c:	dd03      	ble.n	136 <Reset_Handler+0x12>
.LC0:
    subs    r3, #4
     12e:	3b04      	subs	r3, #4
    ldr    r0, [r1, r3]
     130:	58c8      	ldr	r0, [r1, r3]
    str    r0, [r2, r3]
     132:	50d0      	str	r0, [r2, r3]
    bgt    .LC0
     134:	dcfb      	bgt.n	12e <Reset_Handler+0xa>
 *     Loop to zero out BSS section, which uses following symbols
 *     in linker script:
 *      __bss_start__: start of BSS section. Must align to 4
 *      __bss_end__: end of BSS section. Must align to 4
 */
    ldr r1, =__bss_start__
     136:	490a      	ldr	r1, [pc, #40]	@ (160 <Reset_Handler+0x3c>)
    ldr r2, =__bss_end__
     138:	4a0a      	ldr	r2, [pc, #40]	@ (164 <Reset_Handler+0x40>)

    movs    r0, 0
     13a:	2000      	movs	r0, #0
.LC2:
    cmp     r1, r2
     13c:	4291      	cmp	r1, r2
    itt    lt
     13e:	bfbc      	itt	lt
    strlt   r0, [r1], #4
     140:	f841 0b04 	strlt.w	r0, [r1], #4
    blt    .LC2
     144:	e7fa      	blt.n	13c <Reset_Handler+0x18>
#endif /* __STARTUP_CLEAR_BSS */

#ifndef __NO_SYSTEM_INIT
    /* bl    SystemInit */
    ldr     r0,=SystemInit
     146:	4808      	ldr	r0, [pc, #32]	@ (168 <Reset_Handler+0x44>)
    blx     r0
     148:	4780      	blx	r0
#endif

    bl    main
     14a:	f000 f851 	bl	1f0 <main>
    bl    exit
     14e:	f000 f905 	bl	35c <exit>
     152:	0000      	.short	0x0000
    ldr    r1, =__etext
     154:	00001179 	.word	0x00001179
    ldr    r2, =__data_start__
     158:	20000000 	.word	0x20000000
    ldr    r3, =__data_end__
     15c:	20000060 	.word	0x20000060
    ldr r1, =__bss_start__
     160:	20000060 	.word	0x20000060
    ldr r2, =__bss_end__
     164:	200001b0 	.word	0x200001b0
    ldr     r0,=SystemInit
     168:	0000034d 	.word	0x0000034d

0000016c <NMI_Handler>:
    .size    \handler_name, . - \handler_name
    .endm

/* System Exception Handlers */

    def_default_handler    NMI_Handler
     16c:	e7fe      	b.n	16c <NMI_Handler>

0000016e <HardFault_Handler>:
    def_default_handler    HardFault_Handler
     16e:	e7fe      	b.n	16e <HardFault_Handler>

00000170 <MemManage_Handler>:
    def_default_handler    MemManage_Handler
     170:	e7fe      	b.n	170 <MemManage_Handler>

00000172 <BusFault_Handler>:
    def_default_handler    BusFault_Handler
     172:	e7fe      	b.n	172 <BusFault_Handler>

00000174 <UsageFault_Handler>:
    def_default_handler    UsageFault_Handler
     174:	e7fe      	b.n	174 <UsageFault_Handler>

00000176 <SVC_Handler>:
    def_default_handler    SVC_Handler
     176:	e7fe      	b.n	176 <SVC_Handler>

00000178 <DebugMon_Handler>:
    def_default_handler    DebugMon_Handler
     178:	e7fe      	b.n	178 <DebugMon_Handler>

0000017a <PendSV_Handler>:
    def_default_handler    PendSV_Handler
     17a:	e7fe      	b.n	17a <PendSV_Handler>

0000017c <SysTick_Handler>:
    def_default_handler    SysTick_Handler
     17c:	e7fe      	b.n	17c <SysTick_Handler>

0000017e <UART0_Handler>:

/* IRQ Handlers */

    def_default_handler    UART0_Handler
     17e:	e7fe      	b.n	17e <UART0_Handler>

00000180 <Spare1_Handler>:
    def_default_handler    Spare1_Handler
     180:	e7fe      	b.n	180 <Spare1_Handler>

00000182 <UART1_Handler>:
    def_default_handler    UART1_Handler
     182:	e7fe      	b.n	182 <UART1_Handler>

00000184 <Spare3_Handler>:
    def_default_handler    Spare3_Handler
     184:	e7fe      	b.n	184 <Spare3_Handler>

00000186 <Spare4_Handler>:
    def_default_handler    Spare4_Handler
     186:	e7fe      	b.n	186 <Spare4_Handler>

00000188 <RTC_Handler>:
    def_default_handler    RTC_Handler
     188:	e7fe      	b.n	188 <RTC_Handler>

0000018a <PORT0_COMB_Handler>:
    def_default_handler    PORT0_COMB_Handler
     18a:	e7fe      	b.n	18a <PORT0_COMB_Handler>

0000018c <PORT1_COMB_Handler>:
    def_default_handler    PORT1_COMB_Handler
     18c:	e7fe      	b.n	18c <PORT1_COMB_Handler>

0000018e <TIMER0_Handler>:
    def_default_handler    TIMER0_Handler
     18e:	e7fe      	b.n	18e <TIMER0_Handler>

00000190 <TIMER1_Handler>:
    def_default_handler    TIMER1_Handler
     190:	e7fe      	b.n	190 <TIMER1_Handler>

00000192 <DUALTIMER_HANDLER>:
    def_default_handler    DUALTIMER_HANDLER
     192:	e7fe      	b.n	192 <DUALTIMER_HANDLER>

00000194 <Spare11_Handler>:
    def_default_handler    Spare11_Handler
     194:	e7fe      	b.n	194 <Spare11_Handler>

00000196 <UARTOVF_Handler>:
    def_default_handler    UARTOVF_Handler
     196:	e7fe      	b.n	196 <UARTOVF_Handler>

00000198 <Spare13_Handler>:
    def_default_handler    Spare13_Handler
     198:	e7fe      	b.n	198 <Spare13_Handler>

0000019a <Spare14_Handler>:
    def_default_handler    Spare14_Handler
     19a:	e7fe      	b.n	19a <Spare14_Handler>

0000019c <TSC_Handler>:
    def_default_handler    TSC_Handler
     19c:	e7fe      	b.n	19c <TSC_Handler>

0000019e <PORT0_0_Handler>:
    def_default_handler    PORT0_0_Handler
     19e:	e7fe      	b.n	19e <PORT0_0_Handler>

000001a0 <PORT0_1_Handler>:
    def_default_handler    PORT0_1_Handler
     1a0:	e7fe      	b.n	1a0 <PORT0_1_Handler>

000001a2 <PORT0_2_Handler>:
    def_default_handler    PORT0_2_Handler
     1a2:	e7fe      	b.n	1a2 <PORT0_2_Handler>

000001a4 <PORT0_3_Handler>:
    def_default_handler    PORT0_3_Handler
     1a4:	e7fe      	b.n	1a4 <PORT0_3_Handler>

000001a6 <PORT0_4_Handler>:
    def_default_handler    PORT0_4_Handler
     1a6:	e7fe      	b.n	1a6 <PORT0_4_Handler>

000001a8 <PORT0_5_Handler>:
    def_default_handler    PORT0_5_Handler
     1a8:	e7fe      	b.n	1a8 <PORT0_5_Handler>

000001aa <PORT0_6_Handler>:
    def_default_handler    PORT0_6_Handler
     1aa:	e7fe      	b.n	1aa <PORT0_6_Handler>

000001ac <PORT0_7_Handler>:
    def_default_handler    PORT0_7_Handler
     1ac:	e7fe      	b.n	1ac <PORT0_7_Handler>

000001ae <PORT0_8_Handler>:
    def_default_handler    PORT0_8_Handler
     1ae:	e7fe      	b.n	1ae <PORT0_8_Handler>

000001b0 <PORT0_9_Handler>:
    def_default_handler    PORT0_9_Handler
     1b0:	e7fe      	b.n	1b0 <PORT0_9_Handler>

000001b2 <PORT0_10_Handler>:
    def_default_handler    PORT0_10_Handler
     1b2:	e7fe      	b.n	1b2 <PORT0_10_Handler>

000001b4 <PORT0_11_Handler>:
    def_default_handler    PORT0_11_Handler
     1b4:	e7fe      	b.n	1b4 <PORT0_11_Handler>

000001b6 <PORT0_12_Handler>:
    def_default_handler    PORT0_12_Handler
     1b6:	e7fe      	b.n	1b6 <PORT0_12_Handler>

000001b8 <PORT0_13_Handler>:
    def_default_handler    PORT0_13_Handler
     1b8:	e7fe      	b.n	1b8 <PORT0_13_Handler>

000001ba <PORT0_14_Handler>:
    def_default_handler    PORT0_14_Handler
     1ba:	e7fe      	b.n	1ba <PORT0_14_Handler>

000001bc <PORT0_15_Handler>:
    def_default_handler    PORT0_15_Handler
     1bc:	e7fe      	b.n	1bc <PORT0_15_Handler>

000001be <SYSERROR_Handler>:
    def_default_handler    SYSERROR_Handler          /* System Error Handler */
     1be:	e7fe      	b.n	1be <SYSERROR_Handler>

000001c0 <EFLASH_Handler>:
    def_default_handler    EFLASH_Handler            /* Embedded Flash Handler */
     1c0:	e7fe      	b.n	1c0 <EFLASH_Handler>

000001c2 <CORDIO0_Handler>:
    def_default_handler    CORDIO0_Handler           /* Cordio Handler */
     1c2:	e7fe      	b.n	1c2 <CORDIO0_Handler>

000001c4 <CORDIO1_Handler>:
    def_default_handler    CORDIO1_Handler           /* Cordio Handler */
     1c4:	e7fe      	b.n	1c4 <CORDIO1_Handler>

000001c6 <CORDIO2_Handler>:
    def_default_handler    CORDIO2_Handler           /* Cordio Handler */
     1c6:	e7fe      	b.n	1c6 <CORDIO2_Handler>

000001c8 <CORDIO3_Handler>:
    def_default_handler    CORDIO3_Handler           /* Cordio Handler */
     1c8:	e7fe      	b.n	1c8 <CORDIO3_Handler>

000001ca <CORDIO4_Handler>:
    def_default_handler    CORDIO4_Handler           /* Cordio Handler */
     1ca:	e7fe      	b.n	1ca <CORDIO4_Handler>

000001cc <CORDIO5_Handler>:
    def_default_handler    CORDIO5_Handler           /* Cordio Handler */
     1cc:	e7fe      	b.n	1cc <CORDIO5_Handler>

000001ce <CORDIO6_Handler>:
    def_default_handler    CORDIO6_Handler           /* Cordio Handler */
     1ce:	e7fe      	b.n	1ce <CORDIO6_Handler>

000001d0 <CORDIO7_Handler>:
    def_default_handler    CORDIO7_Handler           /* Cordio Handler */
     1d0:	e7fe      	b.n	1d0 <CORDIO7_Handler>

000001d2 <PORT2_COMB_Handler>:
    def_default_handler    PORT2_COMB_Handler        /* GPIO Port 2 Combined Handler */
     1d2:	e7fe      	b.n	1d2 <PORT2_COMB_Handler>

000001d4 <PORT3_COMB_Handler>:
    def_default_handler    PORT3_COMB_Handler        /* GPIO Port 3 Combined Handler */
     1d4:	e7fe      	b.n	1d4 <PORT3_COMB_Handler>

000001d6 <TRNG_Handler>:
    def_default_handler    TRNG_Handler              /* Random Number Handler */
     1d6:	e7fe      	b.n	1d6 <TRNG_Handler>

000001d8 <UART2_Handler>:
    def_default_handler    UART2_Handler             /* UART 2 RX and TX Handler */
     1d8:	e7fe      	b.n	1d8 <UART2_Handler>

000001da <UART3_Handler>:
    def_default_handler    UART3_Handler             /* UART 3 RX and TX Handler */
     1da:	e7fe      	b.n	1da <UART3_Handler>

000001dc <ETHERNET_Handler>:
    def_default_handler    ETHERNET_Handler          /* Ethernet Handler */
     1dc:	e7fe      	b.n	1dc <ETHERNET_Handler>

000001de <I2S_Handler>:
    def_default_handler    I2S_Handler               /* I2S Handler */
     1de:	e7fe      	b.n	1de <I2S_Handler>

000001e0 <MPS2_SPI0_Handler>:
    def_default_handler    MPS2_SPI0_Handler         /* SPI Handler (spi header) */
     1e0:	e7fe      	b.n	1e0 <MPS2_SPI0_Handler>

000001e2 <MPS2_SPI1_Handler>:
    def_default_handler    MPS2_SPI1_Handler         /* SPI Handler (clcd) */
     1e2:	e7fe      	b.n	1e2 <MPS2_SPI1_Handler>

000001e4 <MPS2_SPI2_Handler>:
    def_default_handler    MPS2_SPI2_Handler         /* SPI Handler (spi 1 ADC replacement) */
     1e4:	e7fe      	b.n	1e4 <MPS2_SPI2_Handler>

000001e6 <MPS2_SPI3_Handler>:
    def_default_handler    MPS2_SPI3_Handler         /* SPI Handler (spi 0 shield 0 replacement) */
     1e6:	e7fe      	b.n	1e6 <MPS2_SPI3_Handler>

000001e8 <MPS2_SPI4_Handler>:
    def_default_handler    MPS2_SPI4_Handler         /* SPI Handler */
     1e8:	e7fe      	b.n	1e8 <MPS2_SPI4_Handler>

000001ea <PORT4_COMB_Handler>:
    def_default_handler    PORT4_COMB_Handler        /* GPIO Port 4 Combined Handler */
     1ea:	e7fe      	b.n	1ea <PORT4_COMB_Handler>

000001ec <PORT5_COMB_Handler>:
    def_default_handler    PORT5_COMB_Handler        /* GPIO Port 5 Combined Handler */
     1ec:	e7fe      	b.n	1ec <PORT5_COMB_Handler>

000001ee <UART4_Handler>:
    def_default_handler    UART4_Handler             /* UART 4 RX and TX Handler */
     1ee:	e7fe      	b.n	1ee <UART4_Handler>

000001f0 <main>:
     1f0:	b508      	push	{r3, lr}
#include "uart_stdout1.h"
int printf1(int uart_sel, const char *fmt, ...);
int main (void)
{
  // UART init
  UartStdOutInit();
     1f2:	f000 f855 	bl	2a0 <UartStdOutInit>
  UartStdOutInit1();
     1f6:	f000 f873 	bl	2e0 <UartStdOutInit1>

  printf1(0,"abc0\n");
     1fa:	4907      	ldr	r1, [pc, #28]	@ (218 <Stack_Size+0x18>)
     1fc:	2000      	movs	r0, #0
     1fe:	f000 f81d 	bl	23c <printf1>
  printf1(1,"def1\n");
     202:	4906      	ldr	r1, [pc, #24]	@ (21c <Stack_Size+0x1c>)
     204:	2001      	movs	r0, #1
     206:	f000 f819 	bl	23c <printf1>
 // printf1("abc d from UART1\n");
 // UartPutc(0x1B);
 // printf("abcdefghij"); 
  // End simulation
//  UartEndSimulation1();
  UartEndSimulation();
     20a:	f000 f861 	bl	2d0 <UartEndSimulation>
  UartEndSimulation1();
     20e:	f000 f883 	bl	318 <UartEndSimulation1>

  return 0;
}
     212:	2000      	movs	r0, #0
     214:	bd08      	pop	{r3, pc}
     216:	bf00      	nop
     218:	00001138 	.word	0x00001138
     21c:	00001140 	.word	0x00001140

00000220 <_write>:
#include "uart_stdout1.h"
extern unsigned char UartPutc(unsigned char my_ch);
// extern unsigned char Uart1Putc(unsigned char my_ch);

__attribute__ ((used))  int _write (int fd, char *ptr, int len)
{
     220:	b570      	push	{r4, r5, r6, lr}
     222:	4616      	mov	r6, r2
  size_t i;
  for (i=0; i<len;i++) {
     224:	b13a      	cbz	r2, 236 <_write+0x16>
     226:	1e4c      	subs	r4, r1, #1
     228:	1915      	adds	r5, r2, r4
    UartPutc(ptr[i]); // call character output function
     22a:	f814 0f01 	ldrb.w	r0, [r4, #1]!
     22e:	f000 f83f 	bl	2b0 <UartPutc>
  for (i=0; i<len;i++) {
     232:	42ac      	cmp	r4, r5
     234:	d1f9      	bne.n	22a <_write+0xa>
    }
  return len;
}
     236:	4630      	mov	r0, r6
     238:	bd70      	pop	{r4, r5, r6, pc}
     23a:	bf00      	nop

0000023c <printf1>:

int printf1(int uart_sel, const char *fmt, ...)
{
     23c:	b40e      	push	{r1, r2, r3}
     23e:	b570      	push	{r4, r5, r6, lr}
     240:	b0c3      	sub	sp, #268	@ 0x10c
     242:	ab47      	add	r3, sp, #284	@ 0x11c
     244:	f853 2b04 	ldr.w	r2, [r3], #4
     248:	4604      	mov	r4, r0
    char buf[256];
    va_list args;

    va_start(args, fmt);
    int len = vsnprintf(buf, sizeof(buf), fmt, args);
     24a:	f44f 7180 	mov.w	r1, #256	@ 0x100
     24e:	a802      	add	r0, sp, #8
    va_start(args, fmt);
     250:	9301      	str	r3, [sp, #4]
    int len = vsnprintf(buf, sizeof(buf), fmt, args);
     252:	f000 fa7d 	bl	750 <vsniprintf>
    va_end(args);

    if (len < 0)
     256:	1e05      	subs	r5, r0, #0
     258:	dd02      	ble.n	260 <printf1+0x24>
     25a:	b13c      	cbz	r4, 26c <printf1+0x30>
     25c:	2c01      	cmp	r4, #1
     25e:	d012      	beq.n	286 <printf1+0x4a>
        else if (uart_sel == 1)
            Uart1Putc(buf[i]);     // Send to UART1
    }

    return len;
}
     260:	4628      	mov	r0, r5
     262:	b043      	add	sp, #268	@ 0x10c
     264:	e8bd 4070 	ldmia.w	sp!, {r4, r5, r6, lr}
     268:	b003      	add	sp, #12
     26a:	4770      	bx	lr
     26c:	ac02      	add	r4, sp, #8
     26e:	1966      	adds	r6, r4, r5
     270:	e002      	b.n	278 <printf1+0x3c>
    for (int i = 0; i < len && i < sizeof(buf); i++)
     272:	ab42      	add	r3, sp, #264	@ 0x108
     274:	429c      	cmp	r4, r3
     276:	d0f3      	beq.n	260 <printf1+0x24>
            UartPutc(buf[i]);      // Send to UART0
     278:	f814 0b01 	ldrb.w	r0, [r4], #1
     27c:	f000 f818 	bl	2b0 <UartPutc>
    for (int i = 0; i < len && i < sizeof(buf); i++)
     280:	42b4      	cmp	r4, r6
     282:	d1f6      	bne.n	272 <printf1+0x36>
     284:	e7ec      	b.n	260 <printf1+0x24>
     286:	ac02      	add	r4, sp, #8
     288:	1966      	adds	r6, r4, r5
     28a:	e002      	b.n	292 <printf1+0x56>
     28c:	ab42      	add	r3, sp, #264	@ 0x108
     28e:	42a3      	cmp	r3, r4
     290:	d0e6      	beq.n	260 <printf1+0x24>
            Uart1Putc(buf[i]);     // Send to UART1
     292:	f814 0b01 	ldrb.w	r0, [r4], #1
     296:	f000 f82b 	bl	2f0 <Uart1Putc>
    for (int i = 0; i < len && i < sizeof(buf); i++)
     29a:	42a6      	cmp	r6, r4
     29c:	d1f6      	bne.n	28c <printf1+0x50>
     29e:	e7df      	b.n	260 <printf1+0x24>

000002a0 <UartStdOutInit>:
{

/*		CM3DS_MPS2_UART1->BAUDDIV = 65 ;
  CM3DS_MPS2_UART1->CTRL    = 0x01; */

  CM3DS_MPS2_UART0->BAUDDIV = 53;
     2a0:	f04f 2340 	mov.w	r3, #1073758208	@ 0x40004000
     2a4:	2135      	movs	r1, #53	@ 0x35
  CM3DS_MPS2_UART0->CTRL    = 0x01; 
     2a6:	2201      	movs	r2, #1
  CM3DS_MPS2_UART0->BAUDDIV = 53;
     2a8:	6119      	str	r1, [r3, #16]
  CM3DS_MPS2_UART0->CTRL    = 0x01; 
     2aa:	609a      	str	r2, [r3, #8]
  // High speed test mode, TX only


  return;
}
     2ac:	4770      	bx	lr
     2ae:	bf00      	nop

000002b0 <UartPutc>:
// Output a character
unsigned char UartPutc(unsigned char my_ch)
{
  while ((CM3DS_MPS2_UART0->STATE & 1)); // Wait if Transmit Holding register is full
     2b0:	f04f 2240 	mov.w	r2, #1073758208	@ 0x40004000
     2b4:	6853      	ldr	r3, [r2, #4]
     2b6:	07db      	lsls	r3, r3, #31
     2b8:	d4fc      	bmi.n	2b4 <UartPutc+0x4>
  CM3DS_MPS2_UART0->DATA = my_ch; // write to transmit holding register
     2ba:	6010      	str	r0, [r2, #0]
	
  return (my_ch);
}
     2bc:	4770      	bx	lr
     2be:	bf00      	nop

000002c0 <UartGetc>:
    return my_ch;
} */
// Get a character
unsigned char UartGetc(void)
{
  while ((CM3DS_MPS2_UART0->STATE & 2)==0); // Wait if Receive Holding register is empty
     2c0:	f04f 2240 	mov.w	r2, #1073758208	@ 0x40004000
     2c4:	6853      	ldr	r3, [r2, #4]
     2c6:	079b      	lsls	r3, r3, #30
     2c8:	d5fc      	bpl.n	2c4 <UartGetc+0x4>
  return (CM3DS_MPS2_UART0->DATA);
     2ca:	6810      	ldr	r0, [r2, #0]
}
     2cc:	b2c0      	uxtb	r0, r0
     2ce:	4770      	bx	lr

000002d0 <UartEndSimulation>:
  while ((CM3DS_MPS2_UART0->STATE & 1)); // Wait if Transmit Holding register is full
     2d0:	f04f 2240 	mov.w	r2, #1073758208	@ 0x40004000
     2d4:	6853      	ldr	r3, [r2, #4]
     2d6:	07db      	lsls	r3, r3, #31
     2d8:	d4fc      	bmi.n	2d4 <UartEndSimulation+0x4>
  CM3DS_MPS2_UART0->DATA = my_ch; // write to transmit holding register
     2da:	2304      	movs	r3, #4
     2dc:	6013      	str	r3, [r2, #0]

//  fflush(stdout);
  UartPutc((char) 0x4);
  // End of simulation
//  Uart1Putc((char)0x4);
  while(1);
     2de:	e7fe      	b.n	2de <UartEndSimulation+0xe>

000002e0 <UartStdOutInit1>:
#include <stdio.h>

void UartStdOutInit1(void)
{

		CM3DS_MPS2_UART1->BAUDDIV = 63 ;
     2e0:	213f      	movs	r1, #63	@ 0x3f
  CM3DS_MPS2_UART1->CTRL    = 0x01; 
     2e2:	2201      	movs	r2, #1
		CM3DS_MPS2_UART1->BAUDDIV = 63 ;
     2e4:	4b01      	ldr	r3, [pc, #4]	@ (2ec <UartStdOutInit1+0xc>)
     2e6:	6119      	str	r1, [r3, #16]
  CM3DS_MPS2_UART1->CTRL    = 0x01; 
     2e8:	609a      	str	r2, [r3, #8]


  return;
}
     2ea:	4770      	bx	lr
     2ec:	40005000 	.word	0x40005000

000002f0 <Uart1Putc>:
// Output a character

unsigned char Uart1Putc(unsigned char my_ch)
{
     2f0:	4601      	mov	r1, r0
	while ((CM3DS_MPS2_UART1->STATE & 1)); // Wait if Transmit Holding register is full
     2f2:	4a03      	ldr	r2, [pc, #12]	@ (300 <Uart1Putc+0x10>)
     2f4:	6853      	ldr	r3, [r2, #4]
     2f6:	07db      	lsls	r3, r3, #31
     2f8:	d4fc      	bmi.n	2f4 <Uart1Putc+0x4>
  CM3DS_MPS2_UART1->DATA = my_ch; // write to transmit holding register
     2fa:	6011      	str	r1, [r2, #0]
}
     2fc:	4770      	bx	lr
     2fe:	bf00      	nop
     300:	40005000 	.word	0x40005000

00000304 <UartGet1c>:
    return my_ch;
} */
// Get a character
unsigned char UartGet1c(void)
{
  while ((CM3DS_MPS2_UART1->STATE & 2)==0); // Wait if Receive Holding register is empty
     304:	4a03      	ldr	r2, [pc, #12]	@ (314 <UartGet1c+0x10>)
     306:	6853      	ldr	r3, [r2, #4]
     308:	079b      	lsls	r3, r3, #30
     30a:	d5fc      	bpl.n	306 <UartGet1c+0x2>
  return (CM3DS_MPS2_UART1->DATA);
     30c:	6810      	ldr	r0, [r2, #0]
}
     30e:	b2c0      	uxtb	r0, r0
     310:	4770      	bx	lr
     312:	bf00      	nop
     314:	40005000 	.word	0x40005000

00000318 <UartEndSimulation1>:

void UartEndSimulation1(void)
{
     318:	b508      	push	{r3, lr}

  fflush(stdout);
     31a:	4b06      	ldr	r3, [pc, #24]	@ (334 <UartEndSimulation1+0x1c>)
     31c:	681b      	ldr	r3, [r3, #0]
     31e:	6898      	ldr	r0, [r3, #8]
     320:	f000 f8d2 	bl	4c8 <fflush>
	while ((CM3DS_MPS2_UART1->STATE & 1)); // Wait if Transmit Holding register is full
     324:	4a04      	ldr	r2, [pc, #16]	@ (338 <UartEndSimulation1+0x20>)
     326:	6853      	ldr	r3, [r2, #4]
     328:	07db      	lsls	r3, r3, #31
     32a:	d4fc      	bmi.n	326 <UartEndSimulation1+0xe>
  CM3DS_MPS2_UART1->DATA = my_ch; // write to transmit holding register
     32c:	2304      	movs	r3, #4
     32e:	6013      	str	r3, [r2, #0]
//  UartPutc((char) 0x4);
  // End of simulation
  Uart1Putc((char)0x4);
  while(1);
     330:	e7fe      	b.n	330 <UartEndSimulation1+0x18>
     332:	bf00      	nop
     334:	20000010 	.word	0x20000010
     338:	40005000 	.word	0x40005000

0000033c <SystemCoreClockUpdate>:
 * @return none
 *
 * @brief  Updates the SystemCoreClock with current core Clock
 *         retrieved from cpu registers.
 */
void SystemCoreClockUpdate (void)
     33c:	4b01      	ldr	r3, [pc, #4]	@ (344 <SystemCoreClockUpdate+0x8>)
     33e:	4a02      	ldr	r2, [pc, #8]	@ (348 <SystemCoreClockUpdate+0xc>)
     340:	601a      	str	r2, [r3, #0]
     342:	4770      	bx	lr
     344:	20000000 	.word	0x20000000
     348:	017d7840 	.word	0x017d7840

0000034c <SystemInit>:

#ifdef UNALIGNED_SUPPORT_DISABLE
  SCB->CCR |= SCB_CCR_UNALIGN_TRP_Msk;
#endif

  SystemCoreClock = __SYSTEM_CLOCK;
     34c:	4b01      	ldr	r3, [pc, #4]	@ (354 <SystemInit+0x8>)
     34e:	4a02      	ldr	r2, [pc, #8]	@ (358 <SystemInit+0xc>)
     350:	601a      	str	r2, [r3, #0]

}
     352:	4770      	bx	lr
     354:	20000000 	.word	0x20000000
     358:	017d7840 	.word	0x017d7840

0000035c <exit>:
     35c:	b508      	push	{r3, lr}
     35e:	4b06      	ldr	r3, [pc, #24]	@ (378 <exit+0x1c>)
     360:	4604      	mov	r4, r0
     362:	b113      	cbz	r3, 36a <exit+0xe>
     364:	2100      	movs	r1, #0
     366:	f3af 8000 	nop.w
     36a:	4b04      	ldr	r3, [pc, #16]	@ (37c <exit+0x20>)
     36c:	681b      	ldr	r3, [r3, #0]
     36e:	b103      	cbz	r3, 372 <exit+0x16>
     370:	4798      	blx	r3
     372:	4620      	mov	r0, r4
     374:	f000 feda 	bl	112c <_exit>
     378:	00000000 	.word	0x00000000
     37c:	20000198 	.word	0x20000198

00000380 <__sflush_r>:
     380:	f9b1 200c 	ldrsh.w	r2, [r1, #12]
     384:	b5f8      	push	{r3, r4, r5, r6, r7, lr}
     386:	0716      	lsls	r6, r2, #28
     388:	4605      	mov	r5, r0
     38a:	460c      	mov	r4, r1
     38c:	d451      	bmi.n	432 <__sflush_r+0xb2>
     38e:	684b      	ldr	r3, [r1, #4]
     390:	2b00      	cmp	r3, #0
     392:	dc02      	bgt.n	39a <__sflush_r+0x1a>
     394:	6c0b      	ldr	r3, [r1, #64]	@ 0x40
     396:	2b00      	cmp	r3, #0
     398:	dd49      	ble.n	42e <__sflush_r+0xae>
     39a:	6ae6      	ldr	r6, [r4, #44]	@ 0x2c
     39c:	2e00      	cmp	r6, #0
     39e:	d046      	beq.n	42e <__sflush_r+0xae>
     3a0:	2300      	movs	r3, #0
     3a2:	f412 5280 	ands.w	r2, r2, #4096	@ 0x1000
     3a6:	682f      	ldr	r7, [r5, #0]
     3a8:	602b      	str	r3, [r5, #0]
     3aa:	d031      	beq.n	410 <__sflush_r+0x90>
     3ac:	6d62      	ldr	r2, [r4, #84]	@ 0x54
     3ae:	89a3      	ldrh	r3, [r4, #12]
     3b0:	0759      	lsls	r1, r3, #29
     3b2:	d505      	bpl.n	3c0 <__sflush_r+0x40>
     3b4:	6863      	ldr	r3, [r4, #4]
     3b6:	1ad2      	subs	r2, r2, r3
     3b8:	6b63      	ldr	r3, [r4, #52]	@ 0x34
     3ba:	b10b      	cbz	r3, 3c0 <__sflush_r+0x40>
     3bc:	6c23      	ldr	r3, [r4, #64]	@ 0x40
     3be:	1ad2      	subs	r2, r2, r3
     3c0:	2300      	movs	r3, #0
     3c2:	4628      	mov	r0, r5
     3c4:	6ae6      	ldr	r6, [r4, #44]	@ 0x2c
     3c6:	6a21      	ldr	r1, [r4, #32]
     3c8:	47b0      	blx	r6
     3ca:	1c42      	adds	r2, r0, #1
     3cc:	f9b4 300c 	ldrsh.w	r3, [r4, #12]
     3d0:	d106      	bne.n	3e0 <__sflush_r+0x60>
     3d2:	6829      	ldr	r1, [r5, #0]
     3d4:	291d      	cmp	r1, #29
     3d6:	d844      	bhi.n	462 <__sflush_r+0xe2>
     3d8:	4a26      	ldr	r2, [pc, #152]	@ (474 <__sflush_r+0xf4>)
     3da:	40ca      	lsrs	r2, r1
     3dc:	07d6      	lsls	r6, r2, #31
     3de:	d540      	bpl.n	462 <__sflush_r+0xe2>
     3e0:	2200      	movs	r2, #0
     3e2:	6062      	str	r2, [r4, #4]
     3e4:	6922      	ldr	r2, [r4, #16]
     3e6:	04d9      	lsls	r1, r3, #19
     3e8:	6022      	str	r2, [r4, #0]
     3ea:	d504      	bpl.n	3f6 <__sflush_r+0x76>
     3ec:	1c42      	adds	r2, r0, #1
     3ee:	d101      	bne.n	3f4 <__sflush_r+0x74>
     3f0:	682b      	ldr	r3, [r5, #0]
     3f2:	b903      	cbnz	r3, 3f6 <__sflush_r+0x76>
     3f4:	6560      	str	r0, [r4, #84]	@ 0x54
     3f6:	6b61      	ldr	r1, [r4, #52]	@ 0x34
     3f8:	602f      	str	r7, [r5, #0]
     3fa:	b1c1      	cbz	r1, 42e <__sflush_r+0xae>
     3fc:	f104 0344 	add.w	r3, r4, #68	@ 0x44
     400:	4299      	cmp	r1, r3
     402:	d002      	beq.n	40a <__sflush_r+0x8a>
     404:	4628      	mov	r0, r5
     406:	f000 fa03 	bl	810 <_free_r>
     40a:	2300      	movs	r3, #0
     40c:	6363      	str	r3, [r4, #52]	@ 0x34
     40e:	e00e      	b.n	42e <__sflush_r+0xae>
     410:	2301      	movs	r3, #1
     412:	4628      	mov	r0, r5
     414:	6a21      	ldr	r1, [r4, #32]
     416:	47b0      	blx	r6
     418:	4602      	mov	r2, r0
     41a:	1c50      	adds	r0, r2, #1
     41c:	d1c7      	bne.n	3ae <__sflush_r+0x2e>
     41e:	682b      	ldr	r3, [r5, #0]
     420:	2b00      	cmp	r3, #0
     422:	d0c4      	beq.n	3ae <__sflush_r+0x2e>
     424:	2b1d      	cmp	r3, #29
     426:	d001      	beq.n	42c <__sflush_r+0xac>
     428:	2b16      	cmp	r3, #22
     42a:	d119      	bne.n	460 <__sflush_r+0xe0>
     42c:	602f      	str	r7, [r5, #0]
     42e:	2000      	movs	r0, #0
     430:	e01c      	b.n	46c <__sflush_r+0xec>
     432:	690f      	ldr	r7, [r1, #16]
     434:	2f00      	cmp	r7, #0
     436:	d0fa      	beq.n	42e <__sflush_r+0xae>
     438:	0793      	lsls	r3, r2, #30
     43a:	bf18      	it	ne
     43c:	2300      	movne	r3, #0
     43e:	680e      	ldr	r6, [r1, #0]
     440:	bf08      	it	eq
     442:	694b      	ldreq	r3, [r1, #20]
     444:	1bf6      	subs	r6, r6, r7
     446:	600f      	str	r7, [r1, #0]
     448:	608b      	str	r3, [r1, #8]
     44a:	2e00      	cmp	r6, #0
     44c:	ddef      	ble.n	42e <__sflush_r+0xae>
     44e:	4633      	mov	r3, r6
     450:	463a      	mov	r2, r7
     452:	4628      	mov	r0, r5
     454:	6a21      	ldr	r1, [r4, #32]
     456:	f8d4 c028 	ldr.w	ip, [r4, #40]	@ 0x28
     45a:	47e0      	blx	ip
     45c:	2800      	cmp	r0, #0
     45e:	dc06      	bgt.n	46e <__sflush_r+0xee>
     460:	89a3      	ldrh	r3, [r4, #12]
     462:	f04f 30ff 	mov.w	r0, #4294967295	@ 0xffffffff
     466:	f043 0340 	orr.w	r3, r3, #64	@ 0x40
     46a:	81a3      	strh	r3, [r4, #12]
     46c:	bdf8      	pop	{r3, r4, r5, r6, r7, pc}
     46e:	4407      	add	r7, r0
     470:	1a36      	subs	r6, r6, r0
     472:	e7ea      	b.n	44a <__sflush_r+0xca>
     474:	20400001 	.word	0x20400001

00000478 <_fflush_r>:
     478:	b538      	push	{r3, r4, r5, lr}
     47a:	690b      	ldr	r3, [r1, #16]
     47c:	4605      	mov	r5, r0
     47e:	460c      	mov	r4, r1
     480:	b913      	cbnz	r3, 488 <_fflush_r+0x10>
     482:	461d      	mov	r5, r3
     484:	4628      	mov	r0, r5
     486:	bd38      	pop	{r3, r4, r5, pc}
     488:	b118      	cbz	r0, 492 <_fflush_r+0x1a>
     48a:	6a03      	ldr	r3, [r0, #32]
     48c:	b90b      	cbnz	r3, 492 <_fflush_r+0x1a>
     48e:	f000 f8bd 	bl	60c <__sinit>
     492:	f9b4 300c 	ldrsh.w	r3, [r4, #12]
     496:	2b00      	cmp	r3, #0
     498:	d0f3      	beq.n	482 <_fflush_r+0xa>
     49a:	6e62      	ldr	r2, [r4, #100]	@ 0x64
     49c:	07d0      	lsls	r0, r2, #31
     49e:	d404      	bmi.n	4aa <_fflush_r+0x32>
     4a0:	0599      	lsls	r1, r3, #22
     4a2:	d402      	bmi.n	4aa <_fflush_r+0x32>
     4a4:	6da0      	ldr	r0, [r4, #88]	@ 0x58
     4a6:	f000 f9b0 	bl	80a <__retarget_lock_acquire_recursive>
     4aa:	4628      	mov	r0, r5
     4ac:	4621      	mov	r1, r4
     4ae:	f7ff ff67 	bl	380 <__sflush_r>
     4b2:	6e63      	ldr	r3, [r4, #100]	@ 0x64
     4b4:	4605      	mov	r5, r0
     4b6:	07da      	lsls	r2, r3, #31
     4b8:	d4e4      	bmi.n	484 <_fflush_r+0xc>
     4ba:	89a3      	ldrh	r3, [r4, #12]
     4bc:	059b      	lsls	r3, r3, #22
     4be:	d4e1      	bmi.n	484 <_fflush_r+0xc>
     4c0:	6da0      	ldr	r0, [r4, #88]	@ 0x58
     4c2:	f000 f9a3 	bl	80c <__retarget_lock_release_recursive>
     4c6:	e7dd      	b.n	484 <_fflush_r+0xc>

000004c8 <fflush>:
     4c8:	4601      	mov	r1, r0
     4ca:	b920      	cbnz	r0, 4d6 <fflush+0xe>
     4cc:	4a04      	ldr	r2, [pc, #16]	@ (4e0 <fflush+0x18>)
     4ce:	4905      	ldr	r1, [pc, #20]	@ (4e4 <fflush+0x1c>)
     4d0:	4805      	ldr	r0, [pc, #20]	@ (4e8 <fflush+0x20>)
     4d2:	f000 b8b3 	b.w	63c <_fwalk_sglue>
     4d6:	4b05      	ldr	r3, [pc, #20]	@ (4ec <fflush+0x24>)
     4d8:	6818      	ldr	r0, [r3, #0]
     4da:	f7ff bfcd 	b.w	478 <_fflush_r>
     4de:	bf00      	nop
     4e0:	20000004 	.word	0x20000004
     4e4:	00000479 	.word	0x00000479
     4e8:	20000014 	.word	0x20000014
     4ec:	20000010 	.word	0x20000010

000004f0 <std>:
     4f0:	2300      	movs	r3, #0
     4f2:	b510      	push	{r4, lr}
     4f4:	4604      	mov	r4, r0
     4f6:	e9c0 3300 	strd	r3, r3, [r0]
     4fa:	e9c0 3304 	strd	r3, r3, [r0, #16]
     4fe:	6083      	str	r3, [r0, #8]
     500:	8181      	strh	r1, [r0, #12]
     502:	6643      	str	r3, [r0, #100]	@ 0x64
     504:	81c2      	strh	r2, [r0, #14]
     506:	6183      	str	r3, [r0, #24]
     508:	4619      	mov	r1, r3
     50a:	2208      	movs	r2, #8
     50c:	305c      	adds	r0, #92	@ 0x5c
     50e:	f000 f92d 	bl	76c <memset>
     512:	4b0d      	ldr	r3, [pc, #52]	@ (548 <std+0x58>)
     514:	6224      	str	r4, [r4, #32]
     516:	6263      	str	r3, [r4, #36]	@ 0x24
     518:	4b0c      	ldr	r3, [pc, #48]	@ (54c <std+0x5c>)
     51a:	62a3      	str	r3, [r4, #40]	@ 0x28
     51c:	4b0c      	ldr	r3, [pc, #48]	@ (550 <std+0x60>)
     51e:	62e3      	str	r3, [r4, #44]	@ 0x2c
     520:	4b0c      	ldr	r3, [pc, #48]	@ (554 <std+0x64>)
     522:	6323      	str	r3, [r4, #48]	@ 0x30
     524:	4b0c      	ldr	r3, [pc, #48]	@ (558 <std+0x68>)
     526:	429c      	cmp	r4, r3
     528:	d006      	beq.n	538 <std+0x48>
     52a:	f103 0268 	add.w	r2, r3, #104	@ 0x68
     52e:	4294      	cmp	r4, r2
     530:	d002      	beq.n	538 <std+0x48>
     532:	33d0      	adds	r3, #208	@ 0xd0
     534:	429c      	cmp	r4, r3
     536:	d105      	bne.n	544 <std+0x54>
     538:	f104 0058 	add.w	r0, r4, #88	@ 0x58
     53c:	e8bd 4010 	ldmia.w	sp!, {r4, lr}
     540:	f000 b962 	b.w	808 <__retarget_lock_init_recursive>
     544:	bd10      	pop	{r4, pc}
     546:	bf00      	nop
     548:	00000677 	.word	0x00000677
     54c:	00000699 	.word	0x00000699
     550:	000006d1 	.word	0x000006d1
     554:	000006f7 	.word	0x000006f7
     558:	20000060 	.word	0x20000060

0000055c <stdio_exit_handler>:
     55c:	4a02      	ldr	r2, [pc, #8]	@ (568 <stdio_exit_handler+0xc>)
     55e:	4903      	ldr	r1, [pc, #12]	@ (56c <stdio_exit_handler+0x10>)
     560:	4803      	ldr	r0, [pc, #12]	@ (570 <stdio_exit_handler+0x14>)
     562:	f000 b86b 	b.w	63c <_fwalk_sglue>
     566:	bf00      	nop
     568:	20000004 	.word	0x20000004
     56c:	00000479 	.word	0x00000479
     570:	20000014 	.word	0x20000014

00000574 <cleanup_stdio>:
     574:	6841      	ldr	r1, [r0, #4]
     576:	4b0c      	ldr	r3, [pc, #48]	@ (5a8 <cleanup_stdio+0x34>)
     578:	b510      	push	{r4, lr}
     57a:	4299      	cmp	r1, r3
     57c:	4604      	mov	r4, r0
     57e:	d001      	beq.n	584 <cleanup_stdio+0x10>
     580:	f7ff ff7a 	bl	478 <_fflush_r>
     584:	68a1      	ldr	r1, [r4, #8]
     586:	4b09      	ldr	r3, [pc, #36]	@ (5ac <cleanup_stdio+0x38>)
     588:	4299      	cmp	r1, r3
     58a:	d002      	beq.n	592 <cleanup_stdio+0x1e>
     58c:	4620      	mov	r0, r4
     58e:	f7ff ff73 	bl	478 <_fflush_r>
     592:	68e1      	ldr	r1, [r4, #12]
     594:	4b06      	ldr	r3, [pc, #24]	@ (5b0 <cleanup_stdio+0x3c>)
     596:	4299      	cmp	r1, r3
     598:	d004      	beq.n	5a4 <cleanup_stdio+0x30>
     59a:	4620      	mov	r0, r4
     59c:	e8bd 4010 	ldmia.w	sp!, {r4, lr}
     5a0:	f7ff bf6a 	b.w	478 <_fflush_r>
     5a4:	bd10      	pop	{r4, pc}
     5a6:	bf00      	nop
     5a8:	20000060 	.word	0x20000060
     5ac:	200000c8 	.word	0x200000c8
     5b0:	20000130 	.word	0x20000130

000005b4 <global_stdio_init.part.0>:
     5b4:	b510      	push	{r4, lr}
     5b6:	4b0a      	ldr	r3, [pc, #40]	@ (5e0 <global_stdio_init.part.0+0x2c>)
     5b8:	4a0a      	ldr	r2, [pc, #40]	@ (5e4 <global_stdio_init.part.0+0x30>)
     5ba:	2104      	movs	r1, #4
     5bc:	601a      	str	r2, [r3, #0]
     5be:	480a      	ldr	r0, [pc, #40]	@ (5e8 <global_stdio_init.part.0+0x34>)
     5c0:	2200      	movs	r2, #0
     5c2:	f7ff ff95 	bl	4f0 <std>
     5c6:	2201      	movs	r2, #1
     5c8:	2109      	movs	r1, #9
     5ca:	4808      	ldr	r0, [pc, #32]	@ (5ec <global_stdio_init.part.0+0x38>)
     5cc:	f7ff ff90 	bl	4f0 <std>
     5d0:	e8bd 4010 	ldmia.w	sp!, {r4, lr}
     5d4:	2202      	movs	r2, #2
     5d6:	2112      	movs	r1, #18
     5d8:	4805      	ldr	r0, [pc, #20]	@ (5f0 <global_stdio_init.part.0+0x3c>)
     5da:	f7ff bf89 	b.w	4f0 <std>
     5de:	bf00      	nop
     5e0:	20000198 	.word	0x20000198
     5e4:	0000055d 	.word	0x0000055d
     5e8:	20000060 	.word	0x20000060
     5ec:	200000c8 	.word	0x200000c8
     5f0:	20000130 	.word	0x20000130

000005f4 <__sfp_lock_acquire>:
     5f4:	4801      	ldr	r0, [pc, #4]	@ (5fc <__sfp_lock_acquire+0x8>)
     5f6:	f000 b908 	b.w	80a <__retarget_lock_acquire_recursive>
     5fa:	bf00      	nop
     5fc:	200001a1 	.word	0x200001a1

00000600 <__sfp_lock_release>:
     600:	4801      	ldr	r0, [pc, #4]	@ (608 <__sfp_lock_release+0x8>)
     602:	f000 b903 	b.w	80c <__retarget_lock_release_recursive>
     606:	bf00      	nop
     608:	200001a1 	.word	0x200001a1

0000060c <__sinit>:
     60c:	b510      	push	{r4, lr}
     60e:	4604      	mov	r4, r0
     610:	f7ff fff0 	bl	5f4 <__sfp_lock_acquire>
     614:	6a23      	ldr	r3, [r4, #32]
     616:	b11b      	cbz	r3, 620 <__sinit+0x14>
     618:	e8bd 4010 	ldmia.w	sp!, {r4, lr}
     61c:	f7ff bff0 	b.w	600 <__sfp_lock_release>
     620:	4b04      	ldr	r3, [pc, #16]	@ (634 <__sinit+0x28>)
     622:	6223      	str	r3, [r4, #32]
     624:	4b04      	ldr	r3, [pc, #16]	@ (638 <__sinit+0x2c>)
     626:	681b      	ldr	r3, [r3, #0]
     628:	2b00      	cmp	r3, #0
     62a:	d1f5      	bne.n	618 <__sinit+0xc>
     62c:	f7ff ffc2 	bl	5b4 <global_stdio_init.part.0>
     630:	e7f2      	b.n	618 <__sinit+0xc>
     632:	bf00      	nop
     634:	00000575 	.word	0x00000575
     638:	20000198 	.word	0x20000198

0000063c <_fwalk_sglue>:
     63c:	e92d 43f8 	stmdb	sp!, {r3, r4, r5, r6, r7, r8, r9, lr}
     640:	4680      	mov	r8, r0
     642:	4689      	mov	r9, r1
     644:	4614      	mov	r4, r2
     646:	2600      	movs	r6, #0
     648:	e9d4 7501 	ldrd	r7, r5, [r4, #4]
     64c:	3f01      	subs	r7, #1
     64e:	d505      	bpl.n	65c <_fwalk_sglue+0x20>
     650:	6824      	ldr	r4, [r4, #0]
     652:	2c00      	cmp	r4, #0
     654:	d1f8      	bne.n	648 <_fwalk_sglue+0xc>
     656:	4630      	mov	r0, r6
     658:	e8bd 83f8 	ldmia.w	sp!, {r3, r4, r5, r6, r7, r8, r9, pc}
     65c:	89ab      	ldrh	r3, [r5, #12]
     65e:	2b01      	cmp	r3, #1
     660:	d907      	bls.n	672 <_fwalk_sglue+0x36>
     662:	f9b5 300e 	ldrsh.w	r3, [r5, #14]
     666:	3301      	adds	r3, #1
     668:	d003      	beq.n	672 <_fwalk_sglue+0x36>
     66a:	4629      	mov	r1, r5
     66c:	4640      	mov	r0, r8
     66e:	47c8      	blx	r9
     670:	4306      	orrs	r6, r0
     672:	3568      	adds	r5, #104	@ 0x68
     674:	e7ea      	b.n	64c <_fwalk_sglue+0x10>

00000676 <__sread>:
     676:	b510      	push	{r4, lr}
     678:	460c      	mov	r4, r1
     67a:	f9b1 100e 	ldrsh.w	r1, [r1, #14]
     67e:	f000 f89f 	bl	7c0 <_read_r>
     682:	2800      	cmp	r0, #0
     684:	bfab      	itete	ge
     686:	6d63      	ldrge	r3, [r4, #84]	@ 0x54
     688:	89a3      	ldrhlt	r3, [r4, #12]
     68a:	181b      	addge	r3, r3, r0
     68c:	f423 5380 	biclt.w	r3, r3, #4096	@ 0x1000
     690:	bfac      	ite	ge
     692:	6563      	strge	r3, [r4, #84]	@ 0x54
     694:	81a3      	strhlt	r3, [r4, #12]
     696:	bd10      	pop	{r4, pc}

00000698 <__swrite>:
     698:	e92d 41f0 	stmdb	sp!, {r4, r5, r6, r7, r8, lr}
     69c:	461f      	mov	r7, r3
     69e:	898b      	ldrh	r3, [r1, #12]
     6a0:	4605      	mov	r5, r0
     6a2:	05db      	lsls	r3, r3, #23
     6a4:	460c      	mov	r4, r1
     6a6:	4616      	mov	r6, r2
     6a8:	d505      	bpl.n	6b6 <__swrite+0x1e>
     6aa:	2302      	movs	r3, #2
     6ac:	2200      	movs	r2, #0
     6ae:	f9b1 100e 	ldrsh.w	r1, [r1, #14]
     6b2:	f000 f873 	bl	79c <_lseek_r>
     6b6:	89a3      	ldrh	r3, [r4, #12]
     6b8:	4632      	mov	r2, r6
     6ba:	f423 5380 	bic.w	r3, r3, #4096	@ 0x1000
     6be:	81a3      	strh	r3, [r4, #12]
     6c0:	4628      	mov	r0, r5
     6c2:	463b      	mov	r3, r7
     6c4:	f9b4 100e 	ldrsh.w	r1, [r4, #14]
     6c8:	e8bd 41f0 	ldmia.w	sp!, {r4, r5, r6, r7, r8, lr}
     6cc:	f000 b88a 	b.w	7e4 <_write_r>

000006d0 <__sseek>:
     6d0:	b510      	push	{r4, lr}
     6d2:	460c      	mov	r4, r1
     6d4:	f9b1 100e 	ldrsh.w	r1, [r1, #14]
     6d8:	f000 f860 	bl	79c <_lseek_r>
     6dc:	f9b4 300c 	ldrsh.w	r3, [r4, #12]
     6e0:	1c42      	adds	r2, r0, #1
     6e2:	bf0b      	itete	eq
     6e4:	f423 5380 	biceq.w	r3, r3, #4096	@ 0x1000
     6e8:	f443 5380 	orrne.w	r3, r3, #4096	@ 0x1000
     6ec:	81a3      	strheq	r3, [r4, #12]
     6ee:	81a3      	strhne	r3, [r4, #12]
     6f0:	bf18      	it	ne
     6f2:	6560      	strne	r0, [r4, #84]	@ 0x54
     6f4:	bd10      	pop	{r4, pc}

000006f6 <__sclose>:
     6f6:	f9b1 100e 	ldrsh.w	r1, [r1, #14]
     6fa:	f000 b83f 	b.w	77c <_close_r>
	...

00000700 <_vsniprintf_r>:
     700:	b530      	push	{r4, r5, lr}
     702:	1e14      	subs	r4, r2, #0
     704:	4605      	mov	r5, r0
     706:	461a      	mov	r2, r3
     708:	b09b      	sub	sp, #108	@ 0x6c
     70a:	da05      	bge.n	718 <_vsniprintf_r+0x18>
     70c:	238b      	movs	r3, #139	@ 0x8b
     70e:	6003      	str	r3, [r0, #0]
     710:	f04f 30ff 	mov.w	r0, #4294967295	@ 0xffffffff
     714:	b01b      	add	sp, #108	@ 0x6c
     716:	bd30      	pop	{r4, r5, pc}
     718:	f04f 0300 	mov.w	r3, #0
     71c:	9319      	str	r3, [sp, #100]	@ 0x64
     71e:	bf18      	it	ne
     720:	2301      	movne	r3, #1
     722:	1ae3      	subs	r3, r4, r3
     724:	9302      	str	r3, [sp, #8]
     726:	9305      	str	r3, [sp, #20]
     728:	4b08      	ldr	r3, [pc, #32]	@ (74c <_vsniprintf_r+0x4c>)
     72a:	9100      	str	r1, [sp, #0]
     72c:	9104      	str	r1, [sp, #16]
     72e:	9303      	str	r3, [sp, #12]
     730:	4669      	mov	r1, sp
     732:	9b1e      	ldr	r3, [sp, #120]	@ 0x78
     734:	f000 f9c0 	bl	ab8 <_svfiprintf_r>
     738:	1c43      	adds	r3, r0, #1
     73a:	bfbc      	itt	lt
     73c:	238b      	movlt	r3, #139	@ 0x8b
     73e:	602b      	strlt	r3, [r5, #0]
     740:	2c00      	cmp	r4, #0
     742:	d0e7      	beq.n	714 <_vsniprintf_r+0x14>
     744:	2200      	movs	r2, #0
     746:	9b00      	ldr	r3, [sp, #0]
     748:	701a      	strb	r2, [r3, #0]
     74a:	e7e3      	b.n	714 <_vsniprintf_r+0x14>
     74c:	ffff0208 	.word	0xffff0208

00000750 <vsniprintf>:
     750:	b507      	push	{r0, r1, r2, lr}
     752:	9300      	str	r3, [sp, #0]
     754:	4613      	mov	r3, r2
     756:	460a      	mov	r2, r1
     758:	4601      	mov	r1, r0
     75a:	4803      	ldr	r0, [pc, #12]	@ (768 <vsniprintf+0x18>)
     75c:	6800      	ldr	r0, [r0, #0]
     75e:	f7ff ffcf 	bl	700 <_vsniprintf_r>
     762:	b003      	add	sp, #12
     764:	bd00      	pop	{pc}
     766:	bf00      	nop
     768:	20000010 	.word	0x20000010

0000076c <memset>:
     76c:	4603      	mov	r3, r0
     76e:	4402      	add	r2, r0
     770:	4293      	cmp	r3, r2
     772:	d100      	bne.n	776 <memset+0xa>
     774:	4770      	bx	lr
     776:	f803 1b01 	strb.w	r1, [r3], #1
     77a:	e7f9      	b.n	770 <memset+0x4>

0000077c <_close_r>:
     77c:	b538      	push	{r3, r4, r5, lr}
     77e:	2300      	movs	r3, #0
     780:	4c05      	ldr	r4, [pc, #20]	@ (798 <_close_r+0x1c>)
     782:	4605      	mov	r5, r0
     784:	4608      	mov	r0, r1
     786:	6023      	str	r3, [r4, #0]
     788:	f000 fcaa 	bl	10e0 <_close>
     78c:	1c43      	adds	r3, r0, #1
     78e:	d102      	bne.n	796 <_close_r+0x1a>
     790:	6823      	ldr	r3, [r4, #0]
     792:	b103      	cbz	r3, 796 <_close_r+0x1a>
     794:	602b      	str	r3, [r5, #0]
     796:	bd38      	pop	{r3, r4, r5, pc}
     798:	2000019c 	.word	0x2000019c

0000079c <_lseek_r>:
     79c:	b538      	push	{r3, r4, r5, lr}
     79e:	4605      	mov	r5, r0
     7a0:	4608      	mov	r0, r1
     7a2:	4611      	mov	r1, r2
     7a4:	2200      	movs	r2, #0
     7a6:	4c05      	ldr	r4, [pc, #20]	@ (7bc <_lseek_r+0x20>)
     7a8:	6022      	str	r2, [r4, #0]
     7aa:	461a      	mov	r2, r3
     7ac:	f000 fca0 	bl	10f0 <_lseek>
     7b0:	1c43      	adds	r3, r0, #1
     7b2:	d102      	bne.n	7ba <_lseek_r+0x1e>
     7b4:	6823      	ldr	r3, [r4, #0]
     7b6:	b103      	cbz	r3, 7ba <_lseek_r+0x1e>
     7b8:	602b      	str	r3, [r5, #0]
     7ba:	bd38      	pop	{r3, r4, r5, pc}
     7bc:	2000019c 	.word	0x2000019c

000007c0 <_read_r>:
     7c0:	b538      	push	{r3, r4, r5, lr}
     7c2:	4605      	mov	r5, r0
     7c4:	4608      	mov	r0, r1
     7c6:	4611      	mov	r1, r2
     7c8:	2200      	movs	r2, #0
     7ca:	4c05      	ldr	r4, [pc, #20]	@ (7e0 <_read_r+0x20>)
     7cc:	6022      	str	r2, [r4, #0]
     7ce:	461a      	mov	r2, r3
     7d0:	f000 fc96 	bl	1100 <_read>
     7d4:	1c43      	adds	r3, r0, #1
     7d6:	d102      	bne.n	7de <_read_r+0x1e>
     7d8:	6823      	ldr	r3, [r4, #0]
     7da:	b103      	cbz	r3, 7de <_read_r+0x1e>
     7dc:	602b      	str	r3, [r5, #0]
     7de:	bd38      	pop	{r3, r4, r5, pc}
     7e0:	2000019c 	.word	0x2000019c

000007e4 <_write_r>:
     7e4:	b538      	push	{r3, r4, r5, lr}
     7e6:	4605      	mov	r5, r0
     7e8:	4608      	mov	r0, r1
     7ea:	4611      	mov	r1, r2
     7ec:	2200      	movs	r2, #0
     7ee:	4c05      	ldr	r4, [pc, #20]	@ (804 <_write_r+0x20>)
     7f0:	6022      	str	r2, [r4, #0]
     7f2:	461a      	mov	r2, r3
     7f4:	f7ff fd14 	bl	220 <_write>
     7f8:	1c43      	adds	r3, r0, #1
     7fa:	d102      	bne.n	802 <_write_r+0x1e>
     7fc:	6823      	ldr	r3, [r4, #0]
     7fe:	b103      	cbz	r3, 802 <_write_r+0x1e>
     800:	602b      	str	r3, [r5, #0]
     802:	bd38      	pop	{r3, r4, r5, pc}
     804:	2000019c 	.word	0x2000019c

00000808 <__retarget_lock_init_recursive>:
     808:	4770      	bx	lr

0000080a <__retarget_lock_acquire_recursive>:
     80a:	4770      	bx	lr

0000080c <__retarget_lock_release_recursive>:
     80c:	4770      	bx	lr
	...

00000810 <_free_r>:
     810:	b537      	push	{r0, r1, r2, r4, r5, lr}
     812:	2900      	cmp	r1, #0
     814:	d042      	beq.n	89c <_free_r+0x8c>
     816:	f851 3c04 	ldr.w	r3, [r1, #-4]
     81a:	1f0c      	subs	r4, r1, #4
     81c:	2b00      	cmp	r3, #0
     81e:	bfb8      	it	lt
     820:	18e4      	addlt	r4, r4, r3
     822:	9001      	str	r0, [sp, #4]
     824:	f000 f8dc 	bl	9e0 <__malloc_lock>
     828:	4a1d      	ldr	r2, [pc, #116]	@ (8a0 <_free_r+0x90>)
     82a:	9801      	ldr	r0, [sp, #4]
     82c:	6813      	ldr	r3, [r2, #0]
     82e:	b933      	cbnz	r3, 83e <_free_r+0x2e>
     830:	6063      	str	r3, [r4, #4]
     832:	6014      	str	r4, [r2, #0]
     834:	b003      	add	sp, #12
     836:	e8bd 4030 	ldmia.w	sp!, {r4, r5, lr}
     83a:	f000 b8d7 	b.w	9ec <__malloc_unlock>
     83e:	42a3      	cmp	r3, r4
     840:	d908      	bls.n	854 <_free_r+0x44>
     842:	6825      	ldr	r5, [r4, #0]
     844:	1961      	adds	r1, r4, r5
     846:	428b      	cmp	r3, r1
     848:	bf01      	itttt	eq
     84a:	6819      	ldreq	r1, [r3, #0]
     84c:	685b      	ldreq	r3, [r3, #4]
     84e:	1949      	addeq	r1, r1, r5
     850:	6021      	streq	r1, [r4, #0]
     852:	e7ed      	b.n	830 <_free_r+0x20>
     854:	461a      	mov	r2, r3
     856:	685b      	ldr	r3, [r3, #4]
     858:	b10b      	cbz	r3, 85e <_free_r+0x4e>
     85a:	42a3      	cmp	r3, r4
     85c:	d9fa      	bls.n	854 <_free_r+0x44>
     85e:	6811      	ldr	r1, [r2, #0]
     860:	1855      	adds	r5, r2, r1
     862:	42a5      	cmp	r5, r4
     864:	d10b      	bne.n	87e <_free_r+0x6e>
     866:	6824      	ldr	r4, [r4, #0]
     868:	4421      	add	r1, r4
     86a:	1854      	adds	r4, r2, r1
     86c:	42a3      	cmp	r3, r4
     86e:	6011      	str	r1, [r2, #0]
     870:	d1e0      	bne.n	834 <_free_r+0x24>
     872:	681c      	ldr	r4, [r3, #0]
     874:	685b      	ldr	r3, [r3, #4]
     876:	440c      	add	r4, r1
     878:	6014      	str	r4, [r2, #0]
     87a:	6053      	str	r3, [r2, #4]
     87c:	e7da      	b.n	834 <_free_r+0x24>
     87e:	d902      	bls.n	886 <_free_r+0x76>
     880:	230c      	movs	r3, #12
     882:	6003      	str	r3, [r0, #0]
     884:	e7d6      	b.n	834 <_free_r+0x24>
     886:	6825      	ldr	r5, [r4, #0]
     888:	1961      	adds	r1, r4, r5
     88a:	428b      	cmp	r3, r1
     88c:	bf01      	itttt	eq
     88e:	6819      	ldreq	r1, [r3, #0]
     890:	685b      	ldreq	r3, [r3, #4]
     892:	1949      	addeq	r1, r1, r5
     894:	6021      	streq	r1, [r4, #0]
     896:	6063      	str	r3, [r4, #4]
     898:	6054      	str	r4, [r2, #4]
     89a:	e7cb      	b.n	834 <_free_r+0x24>
     89c:	b003      	add	sp, #12
     89e:	bd30      	pop	{r4, r5, pc}
     8a0:	200001a8 	.word	0x200001a8

000008a4 <sbrk_aligned>:
     8a4:	b570      	push	{r4, r5, r6, lr}
     8a6:	4c0f      	ldr	r4, [pc, #60]	@ (8e4 <sbrk_aligned+0x40>)
     8a8:	460e      	mov	r6, r1
     8aa:	6821      	ldr	r1, [r4, #0]
     8ac:	4605      	mov	r5, r0
     8ae:	b911      	cbnz	r1, 8b6 <sbrk_aligned+0x12>
     8b0:	f000 fbb4 	bl	101c <_sbrk_r>
     8b4:	6020      	str	r0, [r4, #0]
     8b6:	4631      	mov	r1, r6
     8b8:	4628      	mov	r0, r5
     8ba:	f000 fbaf 	bl	101c <_sbrk_r>
     8be:	1c43      	adds	r3, r0, #1
     8c0:	d103      	bne.n	8ca <sbrk_aligned+0x26>
     8c2:	f04f 34ff 	mov.w	r4, #4294967295	@ 0xffffffff
     8c6:	4620      	mov	r0, r4
     8c8:	bd70      	pop	{r4, r5, r6, pc}
     8ca:	1cc4      	adds	r4, r0, #3
     8cc:	f024 0403 	bic.w	r4, r4, #3
     8d0:	42a0      	cmp	r0, r4
     8d2:	d0f8      	beq.n	8c6 <sbrk_aligned+0x22>
     8d4:	1a21      	subs	r1, r4, r0
     8d6:	4628      	mov	r0, r5
     8d8:	f000 fba0 	bl	101c <_sbrk_r>
     8dc:	3001      	adds	r0, #1
     8de:	d1f2      	bne.n	8c6 <sbrk_aligned+0x22>
     8e0:	e7ef      	b.n	8c2 <sbrk_aligned+0x1e>
     8e2:	bf00      	nop
     8e4:	200001a4 	.word	0x200001a4

000008e8 <_malloc_r>:
     8e8:	e92d 43f8 	stmdb	sp!, {r3, r4, r5, r6, r7, r8, r9, lr}
     8ec:	1ccd      	adds	r5, r1, #3
     8ee:	f025 0503 	bic.w	r5, r5, #3
     8f2:	3508      	adds	r5, #8
     8f4:	2d0c      	cmp	r5, #12
     8f6:	bf38      	it	cc
     8f8:	250c      	movcc	r5, #12
     8fa:	2d00      	cmp	r5, #0
     8fc:	4606      	mov	r6, r0
     8fe:	db01      	blt.n	904 <_malloc_r+0x1c>
     900:	42a9      	cmp	r1, r5
     902:	d904      	bls.n	90e <_malloc_r+0x26>
     904:	230c      	movs	r3, #12
     906:	6033      	str	r3, [r6, #0]
     908:	2000      	movs	r0, #0
     90a:	e8bd 83f8 	ldmia.w	sp!, {r3, r4, r5, r6, r7, r8, r9, pc}
     90e:	4f33      	ldr	r7, [pc, #204]	@ (9dc <_malloc_r+0xf4>)
     910:	f000 f866 	bl	9e0 <__malloc_lock>
     914:	683b      	ldr	r3, [r7, #0]
     916:	461c      	mov	r4, r3
     918:	bb3c      	cbnz	r4, 96a <_malloc_r+0x82>
     91a:	4629      	mov	r1, r5
     91c:	4630      	mov	r0, r6
     91e:	f7ff ffc1 	bl	8a4 <sbrk_aligned>
     922:	1c43      	adds	r3, r0, #1
     924:	4604      	mov	r4, r0
     926:	d156      	bne.n	9d6 <_malloc_r+0xee>
     928:	683c      	ldr	r4, [r7, #0]
     92a:	46a0      	mov	r8, r4
     92c:	f1b8 0f00 	cmp.w	r8, #0
     930:	d140      	bne.n	9b4 <_malloc_r+0xcc>
     932:	2c00      	cmp	r4, #0
     934:	d049      	beq.n	9ca <_malloc_r+0xe2>
     936:	6823      	ldr	r3, [r4, #0]
     938:	4641      	mov	r1, r8
     93a:	4630      	mov	r0, r6
     93c:	eb04 0903 	add.w	r9, r4, r3
     940:	f000 fb6c 	bl	101c <_sbrk_r>
     944:	4581      	cmp	r9, r0
     946:	d140      	bne.n	9ca <_malloc_r+0xe2>
     948:	6821      	ldr	r1, [r4, #0]
     94a:	4630      	mov	r0, r6
     94c:	1a6d      	subs	r5, r5, r1
     94e:	4629      	mov	r1, r5
     950:	f7ff ffa8 	bl	8a4 <sbrk_aligned>
     954:	3001      	adds	r0, #1
     956:	d038      	beq.n	9ca <_malloc_r+0xe2>
     958:	6823      	ldr	r3, [r4, #0]
     95a:	442b      	add	r3, r5
     95c:	6023      	str	r3, [r4, #0]
     95e:	683b      	ldr	r3, [r7, #0]
     960:	685a      	ldr	r2, [r3, #4]
     962:	bb5a      	cbnz	r2, 9bc <_malloc_r+0xd4>
     964:	f8c7 8000 	str.w	r8, [r7]
     968:	e00e      	b.n	988 <_malloc_r+0xa0>
     96a:	6822      	ldr	r2, [r4, #0]
     96c:	1b52      	subs	r2, r2, r5
     96e:	d41e      	bmi.n	9ae <_malloc_r+0xc6>
     970:	2a0b      	cmp	r2, #11
     972:	d916      	bls.n	9a2 <_malloc_r+0xba>
     974:	1961      	adds	r1, r4, r5
     976:	42a3      	cmp	r3, r4
     978:	6025      	str	r5, [r4, #0]
     97a:	bf18      	it	ne
     97c:	6059      	strne	r1, [r3, #4]
     97e:	6863      	ldr	r3, [r4, #4]
     980:	bf08      	it	eq
     982:	6039      	streq	r1, [r7, #0]
     984:	5162      	str	r2, [r4, r5]
     986:	604b      	str	r3, [r1, #4]
     988:	4630      	mov	r0, r6
     98a:	f000 f82f 	bl	9ec <__malloc_unlock>
     98e:	f104 000b 	add.w	r0, r4, #11
     992:	1d23      	adds	r3, r4, #4
     994:	f020 0007 	bic.w	r0, r0, #7
     998:	1ac2      	subs	r2, r0, r3
     99a:	bf1c      	itt	ne
     99c:	1a1b      	subne	r3, r3, r0
     99e:	50a3      	strne	r3, [r4, r2]
     9a0:	e7b3      	b.n	90a <_malloc_r+0x22>
     9a2:	6862      	ldr	r2, [r4, #4]
     9a4:	42a3      	cmp	r3, r4
     9a6:	bf0c      	ite	eq
     9a8:	603a      	streq	r2, [r7, #0]
     9aa:	605a      	strne	r2, [r3, #4]
     9ac:	e7ec      	b.n	988 <_malloc_r+0xa0>
     9ae:	4623      	mov	r3, r4
     9b0:	6864      	ldr	r4, [r4, #4]
     9b2:	e7b1      	b.n	918 <_malloc_r+0x30>
     9b4:	4644      	mov	r4, r8
     9b6:	f8d8 8004 	ldr.w	r8, [r8, #4]
     9ba:	e7b7      	b.n	92c <_malloc_r+0x44>
     9bc:	461a      	mov	r2, r3
     9be:	685b      	ldr	r3, [r3, #4]
     9c0:	42a3      	cmp	r3, r4
     9c2:	d1fb      	bne.n	9bc <_malloc_r+0xd4>
     9c4:	2300      	movs	r3, #0
     9c6:	6053      	str	r3, [r2, #4]
     9c8:	e7de      	b.n	988 <_malloc_r+0xa0>
     9ca:	230c      	movs	r3, #12
     9cc:	4630      	mov	r0, r6
     9ce:	6033      	str	r3, [r6, #0]
     9d0:	f000 f80c 	bl	9ec <__malloc_unlock>
     9d4:	e798      	b.n	908 <_malloc_r+0x20>
     9d6:	6005      	str	r5, [r0, #0]
     9d8:	e7d6      	b.n	988 <_malloc_r+0xa0>
     9da:	bf00      	nop
     9dc:	200001a8 	.word	0x200001a8

000009e0 <__malloc_lock>:
     9e0:	4801      	ldr	r0, [pc, #4]	@ (9e8 <__malloc_lock+0x8>)
     9e2:	f7ff bf12 	b.w	80a <__retarget_lock_acquire_recursive>
     9e6:	bf00      	nop
     9e8:	200001a0 	.word	0x200001a0

000009ec <__malloc_unlock>:
     9ec:	4801      	ldr	r0, [pc, #4]	@ (9f4 <__malloc_unlock+0x8>)
     9ee:	f7ff bf0d 	b.w	80c <__retarget_lock_release_recursive>
     9f2:	bf00      	nop
     9f4:	200001a0 	.word	0x200001a0

000009f8 <__ssputs_r>:
     9f8:	e92d 47f0 	stmdb	sp!, {r4, r5, r6, r7, r8, r9, sl, lr}
     9fc:	461f      	mov	r7, r3
     9fe:	688e      	ldr	r6, [r1, #8]
     a00:	4682      	mov	sl, r0
     a02:	42be      	cmp	r6, r7
     a04:	460c      	mov	r4, r1
     a06:	4690      	mov	r8, r2
     a08:	4633      	mov	r3, r6
     a0a:	d853      	bhi.n	ab4 <__ssputs_r+0xbc>
     a0c:	f9b1 000c 	ldrsh.w	r0, [r1, #12]
     a10:	f410 6f90 	tst.w	r0, #1152	@ 0x480
     a14:	d02b      	beq.n	a6e <__ssputs_r+0x76>
     a16:	6965      	ldr	r5, [r4, #20]
     a18:	6823      	ldr	r3, [r4, #0]
     a1a:	6909      	ldr	r1, [r1, #16]
     a1c:	eb05 0545 	add.w	r5, r5, r5, lsl #1
     a20:	eba3 0901 	sub.w	r9, r3, r1
     a24:	eb05 75d5 	add.w	r5, r5, r5, lsr #31
     a28:	1c7b      	adds	r3, r7, #1
     a2a:	106d      	asrs	r5, r5, #1
     a2c:	444b      	add	r3, r9
     a2e:	42ab      	cmp	r3, r5
     a30:	462a      	mov	r2, r5
     a32:	bf84      	itt	hi
     a34:	461d      	movhi	r5, r3
     a36:	462a      	movhi	r2, r5
     a38:	0543      	lsls	r3, r0, #21
     a3a:	d527      	bpl.n	a8c <__ssputs_r+0x94>
     a3c:	4611      	mov	r1, r2
     a3e:	4650      	mov	r0, sl
     a40:	f7ff ff52 	bl	8e8 <_malloc_r>
     a44:	4606      	mov	r6, r0
     a46:	b358      	cbz	r0, aa0 <__ssputs_r+0xa8>
     a48:	464a      	mov	r2, r9
     a4a:	6921      	ldr	r1, [r4, #16]
     a4c:	f000 fb04 	bl	1058 <memcpy>
     a50:	89a3      	ldrh	r3, [r4, #12]
     a52:	f423 6390 	bic.w	r3, r3, #1152	@ 0x480
     a56:	f043 0380 	orr.w	r3, r3, #128	@ 0x80
     a5a:	81a3      	strh	r3, [r4, #12]
     a5c:	6126      	str	r6, [r4, #16]
     a5e:	444e      	add	r6, r9
     a60:	6026      	str	r6, [r4, #0]
     a62:	463b      	mov	r3, r7
     a64:	463e      	mov	r6, r7
     a66:	6165      	str	r5, [r4, #20]
     a68:	eba5 0509 	sub.w	r5, r5, r9
     a6c:	60a5      	str	r5, [r4, #8]
     a6e:	461f      	mov	r7, r3
     a70:	463a      	mov	r2, r7
     a72:	4641      	mov	r1, r8
     a74:	6820      	ldr	r0, [r4, #0]
     a76:	f000 fab7 	bl	fe8 <memmove>
     a7a:	2000      	movs	r0, #0
     a7c:	68a3      	ldr	r3, [r4, #8]
     a7e:	1b9b      	subs	r3, r3, r6
     a80:	60a3      	str	r3, [r4, #8]
     a82:	6823      	ldr	r3, [r4, #0]
     a84:	443b      	add	r3, r7
     a86:	6023      	str	r3, [r4, #0]
     a88:	e8bd 87f0 	ldmia.w	sp!, {r4, r5, r6, r7, r8, r9, sl, pc}
     a8c:	4650      	mov	r0, sl
     a8e:	f000 faf1 	bl	1074 <_realloc_r>
     a92:	4606      	mov	r6, r0
     a94:	2800      	cmp	r0, #0
     a96:	d1e1      	bne.n	a5c <__ssputs_r+0x64>
     a98:	4650      	mov	r0, sl
     a9a:	6921      	ldr	r1, [r4, #16]
     a9c:	f7ff feb8 	bl	810 <_free_r>
     aa0:	230c      	movs	r3, #12
     aa2:	f8ca 3000 	str.w	r3, [sl]
     aa6:	89a3      	ldrh	r3, [r4, #12]
     aa8:	f04f 30ff 	mov.w	r0, #4294967295	@ 0xffffffff
     aac:	f043 0340 	orr.w	r3, r3, #64	@ 0x40
     ab0:	81a3      	strh	r3, [r4, #12]
     ab2:	e7e9      	b.n	a88 <__ssputs_r+0x90>
     ab4:	463e      	mov	r6, r7
     ab6:	e7db      	b.n	a70 <__ssputs_r+0x78>

00000ab8 <_svfiprintf_r>:
     ab8:	e92d 47f0 	stmdb	sp!, {r4, r5, r6, r7, r8, r9, sl, lr}
     abc:	461f      	mov	r7, r3
     abe:	898b      	ldrh	r3, [r1, #12]
     ac0:	4606      	mov	r6, r0
     ac2:	061b      	lsls	r3, r3, #24
     ac4:	460d      	mov	r5, r1
     ac6:	4614      	mov	r4, r2
     ac8:	b09c      	sub	sp, #112	@ 0x70
     aca:	d510      	bpl.n	aee <_svfiprintf_r+0x36>
     acc:	690b      	ldr	r3, [r1, #16]
     ace:	b973      	cbnz	r3, aee <_svfiprintf_r+0x36>
     ad0:	2140      	movs	r1, #64	@ 0x40
     ad2:	f7ff ff09 	bl	8e8 <_malloc_r>
     ad6:	6028      	str	r0, [r5, #0]
     ad8:	6128      	str	r0, [r5, #16]
     ada:	b930      	cbnz	r0, aea <_svfiprintf_r+0x32>
     adc:	230c      	movs	r3, #12
     ade:	6033      	str	r3, [r6, #0]
     ae0:	f04f 30ff 	mov.w	r0, #4294967295	@ 0xffffffff
     ae4:	b01c      	add	sp, #112	@ 0x70
     ae6:	e8bd 87f0 	ldmia.w	sp!, {r4, r5, r6, r7, r8, r9, sl, pc}
     aea:	2340      	movs	r3, #64	@ 0x40
     aec:	616b      	str	r3, [r5, #20]
     aee:	2300      	movs	r3, #0
     af0:	9309      	str	r3, [sp, #36]	@ 0x24
     af2:	2320      	movs	r3, #32
     af4:	f88d 3029 	strb.w	r3, [sp, #41]	@ 0x29
     af8:	2330      	movs	r3, #48	@ 0x30
     afa:	f04f 0801 	mov.w	r8, #1
     afe:	9703      	str	r7, [sp, #12]
     b00:	4f64      	ldr	r7, [pc, #400]	@ (c94 <_svfiprintf_r+0x1dc>)
     b02:	f88d 302a 	strb.w	r3, [sp, #42]	@ 0x2a
     b06:	4623      	mov	r3, r4
     b08:	781a      	ldrb	r2, [r3, #0]
     b0a:	4699      	mov	r9, r3
     b0c:	b11a      	cbz	r2, b16 <_svfiprintf_r+0x5e>
     b0e:	2a25      	cmp	r2, #37	@ 0x25
     b10:	f103 0301 	add.w	r3, r3, #1
     b14:	d1f8      	bne.n	b08 <_svfiprintf_r+0x50>
     b16:	ebb9 0a04 	subs.w	sl, r9, r4
     b1a:	d00b      	beq.n	b34 <_svfiprintf_r+0x7c>
     b1c:	4653      	mov	r3, sl
     b1e:	4622      	mov	r2, r4
     b20:	4629      	mov	r1, r5
     b22:	4630      	mov	r0, r6
     b24:	f7ff ff68 	bl	9f8 <__ssputs_r>
     b28:	3001      	adds	r0, #1
     b2a:	f000 80a3 	beq.w	c74 <_svfiprintf_r+0x1bc>
     b2e:	9a09      	ldr	r2, [sp, #36]	@ 0x24
     b30:	4452      	add	r2, sl
     b32:	9209      	str	r2, [sp, #36]	@ 0x24
     b34:	f899 3000 	ldrb.w	r3, [r9]
     b38:	2b00      	cmp	r3, #0
     b3a:	f000 809b 	beq.w	c74 <_svfiprintf_r+0x1bc>
     b3e:	2200      	movs	r2, #0
     b40:	f04f 33ff 	mov.w	r3, #4294967295	@ 0xffffffff
     b44:	e9cd 3205 	strd	r3, r2, [sp, #20]
     b48:	f109 0901 	add.w	r9, r9, #1
     b4c:	9204      	str	r2, [sp, #16]
     b4e:	9207      	str	r2, [sp, #28]
     b50:	f88d 2053 	strb.w	r2, [sp, #83]	@ 0x53
     b54:	921a      	str	r2, [sp, #104]	@ 0x68
     b56:	464c      	mov	r4, r9
     b58:	2205      	movs	r2, #5
     b5a:	f814 1b01 	ldrb.w	r1, [r4], #1
     b5e:	484d      	ldr	r0, [pc, #308]	@ (c94 <_svfiprintf_r+0x1dc>)
     b60:	f000 fa6c 	bl	103c <memchr>
     b64:	9a04      	ldr	r2, [sp, #16]
     b66:	b9d0      	cbnz	r0, b9e <_svfiprintf_r+0xe6>
     b68:	06d0      	lsls	r0, r2, #27
     b6a:	bf44      	itt	mi
     b6c:	2320      	movmi	r3, #32
     b6e:	f88d 3053 	strbmi.w	r3, [sp, #83]	@ 0x53
     b72:	0711      	lsls	r1, r2, #28
     b74:	bf44      	itt	mi
     b76:	232b      	movmi	r3, #43	@ 0x2b
     b78:	f88d 3053 	strbmi.w	r3, [sp, #83]	@ 0x53
     b7c:	f899 3000 	ldrb.w	r3, [r9]
     b80:	2b2a      	cmp	r3, #42	@ 0x2a
     b82:	d013      	beq.n	bac <_svfiprintf_r+0xf4>
     b84:	464b      	mov	r3, r9
     b86:	2000      	movs	r0, #0
     b88:	f04f 0c0a 	mov.w	ip, #10
     b8c:	9907      	ldr	r1, [sp, #28]
     b8e:	781a      	ldrb	r2, [r3, #0]
     b90:	461c      	mov	r4, r3
     b92:	3a30      	subs	r2, #48	@ 0x30
     b94:	2a09      	cmp	r2, #9
     b96:	d94a      	bls.n	c2e <_svfiprintf_r+0x176>
     b98:	b1a8      	cbz	r0, bc6 <_svfiprintf_r+0x10e>
     b9a:	9107      	str	r1, [sp, #28]
     b9c:	e013      	b.n	bc6 <_svfiprintf_r+0x10e>
     b9e:	1bc0      	subs	r0, r0, r7
     ba0:	fa08 f000 	lsl.w	r0, r8, r0
     ba4:	4310      	orrs	r0, r2
     ba6:	46a1      	mov	r9, r4
     ba8:	9004      	str	r0, [sp, #16]
     baa:	e7d4      	b.n	b56 <_svfiprintf_r+0x9e>
     bac:	9b03      	ldr	r3, [sp, #12]
     bae:	1d19      	adds	r1, r3, #4
     bb0:	681b      	ldr	r3, [r3, #0]
     bb2:	9103      	str	r1, [sp, #12]
     bb4:	2b00      	cmp	r3, #0
     bb6:	bfbb      	ittet	lt
     bb8:	425b      	neglt	r3, r3
     bba:	f042 0202 	orrlt.w	r2, r2, #2
     bbe:	9307      	strge	r3, [sp, #28]
     bc0:	9307      	strlt	r3, [sp, #28]
     bc2:	bfb8      	it	lt
     bc4:	9204      	strlt	r2, [sp, #16]
     bc6:	7823      	ldrb	r3, [r4, #0]
     bc8:	2b2e      	cmp	r3, #46	@ 0x2e
     bca:	d10a      	bne.n	be2 <_svfiprintf_r+0x12a>
     bcc:	7863      	ldrb	r3, [r4, #1]
     bce:	2b2a      	cmp	r3, #42	@ 0x2a
     bd0:	d132      	bne.n	c38 <_svfiprintf_r+0x180>
     bd2:	9b03      	ldr	r3, [sp, #12]
     bd4:	3402      	adds	r4, #2
     bd6:	1d1a      	adds	r2, r3, #4
     bd8:	681b      	ldr	r3, [r3, #0]
     bda:	9203      	str	r2, [sp, #12]
     bdc:	ea43 73e3 	orr.w	r3, r3, r3, asr #31
     be0:	9305      	str	r3, [sp, #20]
     be2:	f8df 90b4 	ldr.w	r9, [pc, #180]	@ c98 <_svfiprintf_r+0x1e0>
     be6:	2203      	movs	r2, #3
     be8:	4648      	mov	r0, r9
     bea:	7821      	ldrb	r1, [r4, #0]
     bec:	f000 fa26 	bl	103c <memchr>
     bf0:	b138      	cbz	r0, c02 <_svfiprintf_r+0x14a>
     bf2:	2240      	movs	r2, #64	@ 0x40
     bf4:	9b04      	ldr	r3, [sp, #16]
     bf6:	eba0 0009 	sub.w	r0, r0, r9
     bfa:	4082      	lsls	r2, r0
     bfc:	4313      	orrs	r3, r2
     bfe:	3401      	adds	r4, #1
     c00:	9304      	str	r3, [sp, #16]
     c02:	7821      	ldrb	r1, [r4, #0]
     c04:	2206      	movs	r2, #6
     c06:	4825      	ldr	r0, [pc, #148]	@ (c9c <_svfiprintf_r+0x1e4>)
     c08:	f88d 1028 	strb.w	r1, [sp, #40]	@ 0x28
     c0c:	f000 fa16 	bl	103c <memchr>
     c10:	2800      	cmp	r0, #0
     c12:	d035      	beq.n	c80 <_svfiprintf_r+0x1c8>
     c14:	4822      	ldr	r0, [pc, #136]	@ (ca0 <_svfiprintf_r+0x1e8>)
     c16:	bb18      	cbnz	r0, c60 <_svfiprintf_r+0x1a8>
     c18:	9b03      	ldr	r3, [sp, #12]
     c1a:	3307      	adds	r3, #7
     c1c:	f023 0307 	bic.w	r3, r3, #7
     c20:	3308      	adds	r3, #8
     c22:	9303      	str	r3, [sp, #12]
     c24:	9b09      	ldr	r3, [sp, #36]	@ 0x24
     c26:	3401      	adds	r4, #1
     c28:	4403      	add	r3, r0
     c2a:	9309      	str	r3, [sp, #36]	@ 0x24
     c2c:	e76b      	b.n	b06 <_svfiprintf_r+0x4e>
     c2e:	2001      	movs	r0, #1
     c30:	fb0c 2101 	mla	r1, ip, r1, r2
     c34:	3301      	adds	r3, #1
     c36:	e7aa      	b.n	b8e <_svfiprintf_r+0xd6>
     c38:	2300      	movs	r3, #0
     c3a:	f04f 0c0a 	mov.w	ip, #10
     c3e:	4618      	mov	r0, r3
     c40:	9305      	str	r3, [sp, #20]
     c42:	1c61      	adds	r1, r4, #1
     c44:	780a      	ldrb	r2, [r1, #0]
     c46:	460c      	mov	r4, r1
     c48:	3a30      	subs	r2, #48	@ 0x30
     c4a:	2a09      	cmp	r2, #9
     c4c:	d903      	bls.n	c56 <_svfiprintf_r+0x19e>
     c4e:	2b00      	cmp	r3, #0
     c50:	d0c7      	beq.n	be2 <_svfiprintf_r+0x12a>
     c52:	9005      	str	r0, [sp, #20]
     c54:	e7c5      	b.n	be2 <_svfiprintf_r+0x12a>
     c56:	2301      	movs	r3, #1
     c58:	fb0c 2000 	mla	r0, ip, r0, r2
     c5c:	3101      	adds	r1, #1
     c5e:	e7f1      	b.n	c44 <_svfiprintf_r+0x18c>
     c60:	ab03      	add	r3, sp, #12
     c62:	9300      	str	r3, [sp, #0]
     c64:	462a      	mov	r2, r5
     c66:	4630      	mov	r0, r6
     c68:	4b0e      	ldr	r3, [pc, #56]	@ (ca4 <_svfiprintf_r+0x1ec>)
     c6a:	a904      	add	r1, sp, #16
     c6c:	f3af 8000 	nop.w
     c70:	1c42      	adds	r2, r0, #1
     c72:	d1d7      	bne.n	c24 <_svfiprintf_r+0x16c>
     c74:	89ab      	ldrh	r3, [r5, #12]
     c76:	065b      	lsls	r3, r3, #25
     c78:	f53f af32 	bmi.w	ae0 <_svfiprintf_r+0x28>
     c7c:	9809      	ldr	r0, [sp, #36]	@ 0x24
     c7e:	e731      	b.n	ae4 <_svfiprintf_r+0x2c>
     c80:	ab03      	add	r3, sp, #12
     c82:	9300      	str	r3, [sp, #0]
     c84:	462a      	mov	r2, r5
     c86:	4630      	mov	r0, r6
     c88:	4b06      	ldr	r3, [pc, #24]	@ (ca4 <_svfiprintf_r+0x1ec>)
     c8a:	a904      	add	r1, sp, #16
     c8c:	f000 f882 	bl	d94 <_printf_i>
     c90:	e7ee      	b.n	c70 <_svfiprintf_r+0x1b8>
     c92:	bf00      	nop
     c94:	00001146 	.word	0x00001146
     c98:	0000114c 	.word	0x0000114c
     c9c:	00001150 	.word	0x00001150
     ca0:	00000000 	.word	0x00000000
     ca4:	000009f9 	.word	0x000009f9

00000ca8 <_printf_common>:
     ca8:	e92d 47f0 	stmdb	sp!, {r4, r5, r6, r7, r8, r9, sl, lr}
     cac:	4691      	mov	r9, r2
     cae:	4698      	mov	r8, r3
     cb0:	688a      	ldr	r2, [r1, #8]
     cb2:	690b      	ldr	r3, [r1, #16]
     cb4:	4607      	mov	r7, r0
     cb6:	4293      	cmp	r3, r2
     cb8:	bfb8      	it	lt
     cba:	4613      	movlt	r3, r2
     cbc:	f8c9 3000 	str.w	r3, [r9]
     cc0:	f891 2043 	ldrb.w	r2, [r1, #67]	@ 0x43
     cc4:	460c      	mov	r4, r1
     cc6:	9e08      	ldr	r6, [sp, #32]
     cc8:	b112      	cbz	r2, cd0 <_printf_common+0x28>
     cca:	3301      	adds	r3, #1
     ccc:	f8c9 3000 	str.w	r3, [r9]
     cd0:	6823      	ldr	r3, [r4, #0]
     cd2:	0699      	lsls	r1, r3, #26
     cd4:	bf42      	ittt	mi
     cd6:	f8d9 3000 	ldrmi.w	r3, [r9]
     cda:	3302      	addmi	r3, #2
     cdc:	f8c9 3000 	strmi.w	r3, [r9]
     ce0:	6825      	ldr	r5, [r4, #0]
     ce2:	f015 0506 	ands.w	r5, r5, #6
     ce6:	d107      	bne.n	cf8 <_printf_common+0x50>
     ce8:	f104 0a19 	add.w	sl, r4, #25
     cec:	68e3      	ldr	r3, [r4, #12]
     cee:	f8d9 2000 	ldr.w	r2, [r9]
     cf2:	1a9b      	subs	r3, r3, r2
     cf4:	42ab      	cmp	r3, r5
     cf6:	dc29      	bgt.n	d4c <_printf_common+0xa4>
     cf8:	f894 3043 	ldrb.w	r3, [r4, #67]	@ 0x43
     cfc:	6822      	ldr	r2, [r4, #0]
     cfe:	3b00      	subs	r3, #0
     d00:	bf18      	it	ne
     d02:	2301      	movne	r3, #1
     d04:	0692      	lsls	r2, r2, #26
     d06:	d42e      	bmi.n	d66 <_printf_common+0xbe>
     d08:	4641      	mov	r1, r8
     d0a:	4638      	mov	r0, r7
     d0c:	f104 0243 	add.w	r2, r4, #67	@ 0x43
     d10:	47b0      	blx	r6
     d12:	3001      	adds	r0, #1
     d14:	d021      	beq.n	d5a <_printf_common+0xb2>
     d16:	6823      	ldr	r3, [r4, #0]
     d18:	68a1      	ldr	r1, [r4, #8]
     d1a:	f003 0306 	and.w	r3, r3, #6
     d1e:	2b04      	cmp	r3, #4
     d20:	bf12      	itee	ne
     d22:	2500      	movne	r5, #0
     d24:	68e5      	ldreq	r5, [r4, #12]
     d26:	f8d9 3000 	ldreq.w	r3, [r9]
     d2a:	6922      	ldr	r2, [r4, #16]
     d2c:	bf04      	itt	eq
     d2e:	1aed      	subeq	r5, r5, r3
     d30:	ea25 75e5 	biceq.w	r5, r5, r5, asr #31
     d34:	1a8b      	subs	r3, r1, r2
     d36:	442b      	add	r3, r5
     d38:	4291      	cmp	r1, r2
     d3a:	bfc8      	it	gt
     d3c:	461d      	movgt	r5, r3
     d3e:	f04f 0900 	mov.w	r9, #0
     d42:	341a      	adds	r4, #26
     d44:	454d      	cmp	r5, r9
     d46:	d11a      	bne.n	d7e <_printf_common+0xd6>
     d48:	2000      	movs	r0, #0
     d4a:	e008      	b.n	d5e <_printf_common+0xb6>
     d4c:	2301      	movs	r3, #1
     d4e:	4652      	mov	r2, sl
     d50:	4641      	mov	r1, r8
     d52:	4638      	mov	r0, r7
     d54:	47b0      	blx	r6
     d56:	3001      	adds	r0, #1
     d58:	d103      	bne.n	d62 <_printf_common+0xba>
     d5a:	f04f 30ff 	mov.w	r0, #4294967295	@ 0xffffffff
     d5e:	e8bd 87f0 	ldmia.w	sp!, {r4, r5, r6, r7, r8, r9, sl, pc}
     d62:	3501      	adds	r5, #1
     d64:	e7c2      	b.n	cec <_printf_common+0x44>
     d66:	2030      	movs	r0, #48	@ 0x30
     d68:	18e1      	adds	r1, r4, r3
     d6a:	f881 0043 	strb.w	r0, [r1, #67]	@ 0x43
     d6e:	1c5a      	adds	r2, r3, #1
     d70:	f894 1045 	ldrb.w	r1, [r4, #69]	@ 0x45
     d74:	4422      	add	r2, r4
     d76:	3302      	adds	r3, #2
     d78:	f882 1043 	strb.w	r1, [r2, #67]	@ 0x43
     d7c:	e7c4      	b.n	d08 <_printf_common+0x60>
     d7e:	2301      	movs	r3, #1
     d80:	4622      	mov	r2, r4
     d82:	4641      	mov	r1, r8
     d84:	4638      	mov	r0, r7
     d86:	47b0      	blx	r6
     d88:	3001      	adds	r0, #1
     d8a:	d0e6      	beq.n	d5a <_printf_common+0xb2>
     d8c:	f109 0901 	add.w	r9, r9, #1
     d90:	e7d8      	b.n	d44 <_printf_common+0x9c>
	...

00000d94 <_printf_i>:
     d94:	e92d 43f0 	stmdb	sp!, {r4, r5, r6, r7, r8, r9, lr}
     d98:	4698      	mov	r8, r3
     d9a:	7e0b      	ldrb	r3, [r1, #24]
     d9c:	b085      	sub	sp, #20
     d9e:	2b78      	cmp	r3, #120	@ 0x78
     da0:	4617      	mov	r7, r2
     da2:	4606      	mov	r6, r0
     da4:	460c      	mov	r4, r1
     da6:	9a0c      	ldr	r2, [sp, #48]	@ 0x30
     da8:	d809      	bhi.n	dbe <_printf_i+0x2a>
     daa:	2b62      	cmp	r3, #98	@ 0x62
     dac:	f101 0143 	add.w	r1, r1, #67	@ 0x43
     db0:	d808      	bhi.n	dc4 <_printf_i+0x30>
     db2:	2b00      	cmp	r3, #0
     db4:	f000 80dc 	beq.w	f70 <_printf_i+0x1dc>
     db8:	2b58      	cmp	r3, #88	@ 0x58
     dba:	f000 80bd 	beq.w	f38 <_printf_i+0x1a4>
     dbe:	f104 0542 	add.w	r5, r4, #66	@ 0x42
     dc2:	e039      	b.n	e38 <_printf_i+0xa4>
     dc4:	f1a3 0063 	sub.w	r0, r3, #99	@ 0x63
     dc8:	2815      	cmp	r0, #21
     dca:	d8f8      	bhi.n	dbe <_printf_i+0x2a>
     dcc:	a501      	add	r5, pc, #4	@ (adr r5, dd4 <_printf_i+0x40>)
     dce:	f855 f020 	ldr.w	pc, [r5, r0, lsl #2]
     dd2:	bf00      	nop
     dd4:	00000e2d 	.word	0x00000e2d
     dd8:	00000e41 	.word	0x00000e41
     ddc:	00000dbf 	.word	0x00000dbf
     de0:	00000dbf 	.word	0x00000dbf
     de4:	00000dbf 	.word	0x00000dbf
     de8:	00000dbf 	.word	0x00000dbf
     dec:	00000e41 	.word	0x00000e41
     df0:	00000dbf 	.word	0x00000dbf
     df4:	00000dbf 	.word	0x00000dbf
     df8:	00000dbf 	.word	0x00000dbf
     dfc:	00000dbf 	.word	0x00000dbf
     e00:	00000f51 	.word	0x00000f51
     e04:	00000e6d 	.word	0x00000e6d
     e08:	00000eff 	.word	0x00000eff
     e0c:	00000dbf 	.word	0x00000dbf
     e10:	00000dbf 	.word	0x00000dbf
     e14:	00000f79 	.word	0x00000f79
     e18:	00000dbf 	.word	0x00000dbf
     e1c:	00000e6d 	.word	0x00000e6d
     e20:	00000dbf 	.word	0x00000dbf
     e24:	00000dbf 	.word	0x00000dbf
     e28:	00000f07 	.word	0x00000f07
     e2c:	6813      	ldr	r3, [r2, #0]
     e2e:	f104 0542 	add.w	r5, r4, #66	@ 0x42
     e32:	1d19      	adds	r1, r3, #4
     e34:	681b      	ldr	r3, [r3, #0]
     e36:	6011      	str	r1, [r2, #0]
     e38:	f884 3042 	strb.w	r3, [r4, #66]	@ 0x42
     e3c:	2301      	movs	r3, #1
     e3e:	e0a8      	b.n	f92 <_printf_i+0x1fe>
     e40:	6813      	ldr	r3, [r2, #0]
     e42:	6825      	ldr	r5, [r4, #0]
     e44:	1d18      	adds	r0, r3, #4
     e46:	6010      	str	r0, [r2, #0]
     e48:	0628      	lsls	r0, r5, #24
     e4a:	d501      	bpl.n	e50 <_printf_i+0xbc>
     e4c:	681b      	ldr	r3, [r3, #0]
     e4e:	e003      	b.n	e58 <_printf_i+0xc4>
     e50:	066a      	lsls	r2, r5, #25
     e52:	d5fb      	bpl.n	e4c <_printf_i+0xb8>
     e54:	f9b3 3000 	ldrsh.w	r3, [r3]
     e58:	2b00      	cmp	r3, #0
     e5a:	da03      	bge.n	e64 <_printf_i+0xd0>
     e5c:	222d      	movs	r2, #45	@ 0x2d
     e5e:	425b      	negs	r3, r3
     e60:	f884 2043 	strb.w	r2, [r4, #67]	@ 0x43
     e64:	220a      	movs	r2, #10
     e66:	f8df c178 	ldr.w	ip, [pc, #376]	@ fe0 <_printf_i+0x24c>
     e6a:	e013      	b.n	e94 <_printf_i+0x100>
     e6c:	6825      	ldr	r5, [r4, #0]
     e6e:	6810      	ldr	r0, [r2, #0]
     e70:	f015 0f80 	tst.w	r5, #128	@ 0x80
     e74:	f850 3b04 	ldr.w	r3, [r0], #4
     e78:	d102      	bne.n	e80 <_printf_i+0xec>
     e7a:	066d      	lsls	r5, r5, #25
     e7c:	bf48      	it	mi
     e7e:	b29b      	uxthmi	r3, r3
     e80:	6010      	str	r0, [r2, #0]
     e82:	7e22      	ldrb	r2, [r4, #24]
     e84:	f8df c158 	ldr.w	ip, [pc, #344]	@ fe0 <_printf_i+0x24c>
     e88:	2a6f      	cmp	r2, #111	@ 0x6f
     e8a:	d15d      	bne.n	f48 <_printf_i+0x1b4>
     e8c:	2208      	movs	r2, #8
     e8e:	2000      	movs	r0, #0
     e90:	f884 0043 	strb.w	r0, [r4, #67]	@ 0x43
     e94:	6865      	ldr	r5, [r4, #4]
     e96:	2d00      	cmp	r5, #0
     e98:	60a5      	str	r5, [r4, #8]
     e9a:	db05      	blt.n	ea8 <_printf_i+0x114>
     e9c:	6820      	ldr	r0, [r4, #0]
     e9e:	431d      	orrs	r5, r3
     ea0:	f020 0004 	bic.w	r0, r0, #4
     ea4:	6020      	str	r0, [r4, #0]
     ea6:	d051      	beq.n	f4c <_printf_i+0x1b8>
     ea8:	460d      	mov	r5, r1
     eaa:	fbb3 f0f2 	udiv	r0, r3, r2
     eae:	fb02 3e10 	mls	lr, r2, r0, r3
     eb2:	f81c e00e 	ldrb.w	lr, [ip, lr]
     eb6:	429a      	cmp	r2, r3
     eb8:	f805 ed01 	strb.w	lr, [r5, #-1]!
     ebc:	4603      	mov	r3, r0
     ebe:	d9f4      	bls.n	eaa <_printf_i+0x116>
     ec0:	2a08      	cmp	r2, #8
     ec2:	d10b      	bne.n	edc <_printf_i+0x148>
     ec4:	6823      	ldr	r3, [r4, #0]
     ec6:	07da      	lsls	r2, r3, #31
     ec8:	d508      	bpl.n	edc <_printf_i+0x148>
     eca:	6923      	ldr	r3, [r4, #16]
     ecc:	6862      	ldr	r2, [r4, #4]
     ece:	429a      	cmp	r2, r3
     ed0:	bfde      	ittt	le
     ed2:	2330      	movle	r3, #48	@ 0x30
     ed4:	f805 3c01 	strble.w	r3, [r5, #-1]
     ed8:	f105 35ff 	addle.w	r5, r5, #4294967295	@ 0xffffffff
     edc:	1b49      	subs	r1, r1, r5
     ede:	6121      	str	r1, [r4, #16]
     ee0:	463b      	mov	r3, r7
     ee2:	4621      	mov	r1, r4
     ee4:	4630      	mov	r0, r6
     ee6:	f8cd 8000 	str.w	r8, [sp]
     eea:	aa03      	add	r2, sp, #12
     eec:	f7ff fedc 	bl	ca8 <_printf_common>
     ef0:	3001      	adds	r0, #1
     ef2:	d153      	bne.n	f9c <_printf_i+0x208>
     ef4:	f04f 30ff 	mov.w	r0, #4294967295	@ 0xffffffff
     ef8:	b005      	add	sp, #20
     efa:	e8bd 83f0 	ldmia.w	sp!, {r4, r5, r6, r7, r8, r9, pc}
     efe:	6823      	ldr	r3, [r4, #0]
     f00:	f043 0320 	orr.w	r3, r3, #32
     f04:	6023      	str	r3, [r4, #0]
     f06:	2378      	movs	r3, #120	@ 0x78
     f08:	f8df c0d8 	ldr.w	ip, [pc, #216]	@ fe4 <_printf_i+0x250>
     f0c:	f884 3045 	strb.w	r3, [r4, #69]	@ 0x45
     f10:	6820      	ldr	r0, [r4, #0]
     f12:	6815      	ldr	r5, [r2, #0]
     f14:	f010 0f80 	tst.w	r0, #128	@ 0x80
     f18:	f855 3b04 	ldr.w	r3, [r5], #4
     f1c:	d103      	bne.n	f26 <_printf_i+0x192>
     f1e:	f010 0f40 	tst.w	r0, #64	@ 0x40
     f22:	bf18      	it	ne
     f24:	b29b      	uxthne	r3, r3
     f26:	6015      	str	r5, [r2, #0]
     f28:	07c5      	lsls	r5, r0, #31
     f2a:	bf44      	itt	mi
     f2c:	f040 0020 	orrmi.w	r0, r0, #32
     f30:	6020      	strmi	r0, [r4, #0]
     f32:	b123      	cbz	r3, f3e <_printf_i+0x1aa>
     f34:	2210      	movs	r2, #16
     f36:	e7aa      	b.n	e8e <_printf_i+0xfa>
     f38:	f8df c0a4 	ldr.w	ip, [pc, #164]	@ fe0 <_printf_i+0x24c>
     f3c:	e7e6      	b.n	f0c <_printf_i+0x178>
     f3e:	6822      	ldr	r2, [r4, #0]
     f40:	f022 0220 	bic.w	r2, r2, #32
     f44:	6022      	str	r2, [r4, #0]
     f46:	e7f5      	b.n	f34 <_printf_i+0x1a0>
     f48:	220a      	movs	r2, #10
     f4a:	e7a0      	b.n	e8e <_printf_i+0xfa>
     f4c:	460d      	mov	r5, r1
     f4e:	e7b7      	b.n	ec0 <_printf_i+0x12c>
     f50:	6813      	ldr	r3, [r2, #0]
     f52:	f8d4 c000 	ldr.w	ip, [r4]
     f56:	1d1d      	adds	r5, r3, #4
     f58:	6960      	ldr	r0, [r4, #20]
     f5a:	f01c 0f80 	tst.w	ip, #128	@ 0x80
     f5e:	6015      	str	r5, [r2, #0]
     f60:	681b      	ldr	r3, [r3, #0]
     f62:	d001      	beq.n	f68 <_printf_i+0x1d4>
     f64:	6018      	str	r0, [r3, #0]
     f66:	e003      	b.n	f70 <_printf_i+0x1dc>
     f68:	f01c 0f40 	tst.w	ip, #64	@ 0x40
     f6c:	d0fa      	beq.n	f64 <_printf_i+0x1d0>
     f6e:	8018      	strh	r0, [r3, #0]
     f70:	2300      	movs	r3, #0
     f72:	460d      	mov	r5, r1
     f74:	6123      	str	r3, [r4, #16]
     f76:	e7b3      	b.n	ee0 <_printf_i+0x14c>
     f78:	6813      	ldr	r3, [r2, #0]
     f7a:	1d19      	adds	r1, r3, #4
     f7c:	6011      	str	r1, [r2, #0]
     f7e:	681d      	ldr	r5, [r3, #0]
     f80:	2100      	movs	r1, #0
     f82:	4628      	mov	r0, r5
     f84:	6862      	ldr	r2, [r4, #4]
     f86:	f000 f859 	bl	103c <memchr>
     f8a:	b108      	cbz	r0, f90 <_printf_i+0x1fc>
     f8c:	1b40      	subs	r0, r0, r5
     f8e:	6060      	str	r0, [r4, #4]
     f90:	6863      	ldr	r3, [r4, #4]
     f92:	6123      	str	r3, [r4, #16]
     f94:	2300      	movs	r3, #0
     f96:	f884 3043 	strb.w	r3, [r4, #67]	@ 0x43
     f9a:	e7a1      	b.n	ee0 <_printf_i+0x14c>
     f9c:	462a      	mov	r2, r5
     f9e:	4639      	mov	r1, r7
     fa0:	4630      	mov	r0, r6
     fa2:	6923      	ldr	r3, [r4, #16]
     fa4:	47c0      	blx	r8
     fa6:	3001      	adds	r0, #1
     fa8:	d0a4      	beq.n	ef4 <_printf_i+0x160>
     faa:	6823      	ldr	r3, [r4, #0]
     fac:	079b      	lsls	r3, r3, #30
     fae:	d414      	bmi.n	fda <_printf_i+0x246>
     fb0:	68e0      	ldr	r0, [r4, #12]
     fb2:	9b03      	ldr	r3, [sp, #12]
     fb4:	4298      	cmp	r0, r3
     fb6:	bfb8      	it	lt
     fb8:	4618      	movlt	r0, r3
     fba:	e79d      	b.n	ef8 <_printf_i+0x164>
     fbc:	2301      	movs	r3, #1
     fbe:	4639      	mov	r1, r7
     fc0:	4630      	mov	r0, r6
     fc2:	f104 0219 	add.w	r2, r4, #25
     fc6:	47c0      	blx	r8
     fc8:	3001      	adds	r0, #1
     fca:	d093      	beq.n	ef4 <_printf_i+0x160>
     fcc:	3501      	adds	r5, #1
     fce:	68e3      	ldr	r3, [r4, #12]
     fd0:	9903      	ldr	r1, [sp, #12]
     fd2:	1a5b      	subs	r3, r3, r1
     fd4:	42ab      	cmp	r3, r5
     fd6:	dcf1      	bgt.n	fbc <_printf_i+0x228>
     fd8:	e7ea      	b.n	fb0 <_printf_i+0x21c>
     fda:	2500      	movs	r5, #0
     fdc:	e7f7      	b.n	fce <_printf_i+0x23a>
     fde:	bf00      	nop
     fe0:	00001157 	.word	0x00001157
     fe4:	00001168 	.word	0x00001168

00000fe8 <memmove>:
     fe8:	4288      	cmp	r0, r1
     fea:	b510      	push	{r4, lr}
     fec:	eb01 0402 	add.w	r4, r1, r2
     ff0:	d902      	bls.n	ff8 <memmove+0x10>
     ff2:	4284      	cmp	r4, r0
     ff4:	4623      	mov	r3, r4
     ff6:	d807      	bhi.n	1008 <memmove+0x20>
     ff8:	1e43      	subs	r3, r0, #1
     ffa:	42a1      	cmp	r1, r4
     ffc:	d007      	beq.n	100e <memmove+0x26>
     ffe:	f811 2b01 	ldrb.w	r2, [r1], #1
    1002:	f803 2f01 	strb.w	r2, [r3, #1]!
    1006:	e7f8      	b.n	ffa <memmove+0x12>
    1008:	4402      	add	r2, r0
    100a:	4282      	cmp	r2, r0
    100c:	d100      	bne.n	1010 <memmove+0x28>
    100e:	bd10      	pop	{r4, pc}
    1010:	f813 1d01 	ldrb.w	r1, [r3, #-1]!
    1014:	f802 1d01 	strb.w	r1, [r2, #-1]!
    1018:	e7f7      	b.n	100a <memmove+0x22>
	...

0000101c <_sbrk_r>:
    101c:	b538      	push	{r3, r4, r5, lr}
    101e:	2300      	movs	r3, #0
    1020:	4c05      	ldr	r4, [pc, #20]	@ (1038 <_sbrk_r+0x1c>)
    1022:	4605      	mov	r5, r0
    1024:	4608      	mov	r0, r1
    1026:	6023      	str	r3, [r4, #0]
    1028:	f000 f872 	bl	1110 <_sbrk>
    102c:	1c43      	adds	r3, r0, #1
    102e:	d102      	bne.n	1036 <_sbrk_r+0x1a>
    1030:	6823      	ldr	r3, [r4, #0]
    1032:	b103      	cbz	r3, 1036 <_sbrk_r+0x1a>
    1034:	602b      	str	r3, [r5, #0]
    1036:	bd38      	pop	{r3, r4, r5, pc}
    1038:	2000019c 	.word	0x2000019c

0000103c <memchr>:
    103c:	4603      	mov	r3, r0
    103e:	b510      	push	{r4, lr}
    1040:	b2c9      	uxtb	r1, r1
    1042:	4402      	add	r2, r0
    1044:	4293      	cmp	r3, r2
    1046:	d101      	bne.n	104c <memchr+0x10>
    1048:	2000      	movs	r0, #0
    104a:	e004      	b.n	1056 <memchr+0x1a>
    104c:	4618      	mov	r0, r3
    104e:	7804      	ldrb	r4, [r0, #0]
    1050:	3301      	adds	r3, #1
    1052:	428c      	cmp	r4, r1
    1054:	d1f6      	bne.n	1044 <memchr+0x8>
    1056:	bd10      	pop	{r4, pc}

00001058 <memcpy>:
    1058:	440a      	add	r2, r1
    105a:	4291      	cmp	r1, r2
    105c:	f100 33ff 	add.w	r3, r0, #4294967295	@ 0xffffffff
    1060:	d100      	bne.n	1064 <memcpy+0xc>
    1062:	4770      	bx	lr
    1064:	b510      	push	{r4, lr}
    1066:	f811 4b01 	ldrb.w	r4, [r1], #1
    106a:	4291      	cmp	r1, r2
    106c:	f803 4f01 	strb.w	r4, [r3, #1]!
    1070:	d1f9      	bne.n	1066 <memcpy+0xe>
    1072:	bd10      	pop	{r4, pc}

00001074 <_realloc_r>:
    1074:	e92d 41f0 	stmdb	sp!, {r4, r5, r6, r7, r8, lr}
    1078:	4607      	mov	r7, r0
    107a:	4615      	mov	r5, r2
    107c:	460c      	mov	r4, r1
    107e:	b921      	cbnz	r1, 108a <_realloc_r+0x16>
    1080:	4611      	mov	r1, r2
    1082:	e8bd 41f0 	ldmia.w	sp!, {r4, r5, r6, r7, r8, lr}
    1086:	f7ff bc2f 	b.w	8e8 <_malloc_r>
    108a:	b92a      	cbnz	r2, 1098 <_realloc_r+0x24>
    108c:	f7ff fbc0 	bl	810 <_free_r>
    1090:	462c      	mov	r4, r5
    1092:	4620      	mov	r0, r4
    1094:	e8bd 81f0 	ldmia.w	sp!, {r4, r5, r6, r7, r8, pc}
    1098:	f000 f81a 	bl	10d0 <_malloc_usable_size_r>
    109c:	4285      	cmp	r5, r0
    109e:	4606      	mov	r6, r0
    10a0:	d802      	bhi.n	10a8 <_realloc_r+0x34>
    10a2:	ebb5 0f50 	cmp.w	r5, r0, lsr #1
    10a6:	d8f4      	bhi.n	1092 <_realloc_r+0x1e>
    10a8:	4629      	mov	r1, r5
    10aa:	4638      	mov	r0, r7
    10ac:	f7ff fc1c 	bl	8e8 <_malloc_r>
    10b0:	4680      	mov	r8, r0
    10b2:	b908      	cbnz	r0, 10b8 <_realloc_r+0x44>
    10b4:	4644      	mov	r4, r8
    10b6:	e7ec      	b.n	1092 <_realloc_r+0x1e>
    10b8:	42b5      	cmp	r5, r6
    10ba:	462a      	mov	r2, r5
    10bc:	4621      	mov	r1, r4
    10be:	bf28      	it	cs
    10c0:	4632      	movcs	r2, r6
    10c2:	f7ff ffc9 	bl	1058 <memcpy>
    10c6:	4621      	mov	r1, r4
    10c8:	4638      	mov	r0, r7
    10ca:	f7ff fba1 	bl	810 <_free_r>
    10ce:	e7f1      	b.n	10b4 <_realloc_r+0x40>

000010d0 <_malloc_usable_size_r>:
    10d0:	f851 3c04 	ldr.w	r3, [r1, #-4]
    10d4:	1f18      	subs	r0, r3, #4
    10d6:	2b00      	cmp	r3, #0
    10d8:	bfbc      	itt	lt
    10da:	580b      	ldrlt	r3, [r1, r0]
    10dc:	18c0      	addlt	r0, r0, r3
    10de:	4770      	bx	lr

000010e0 <_close>:
    10e0:	2258      	movs	r2, #88	@ 0x58
    10e2:	4b02      	ldr	r3, [pc, #8]	@ (10ec <_close+0xc>)
    10e4:	f04f 30ff 	mov.w	r0, #4294967295	@ 0xffffffff
    10e8:	601a      	str	r2, [r3, #0]
    10ea:	4770      	bx	lr
    10ec:	2000019c 	.word	0x2000019c

000010f0 <_lseek>:
    10f0:	2258      	movs	r2, #88	@ 0x58
    10f2:	4b02      	ldr	r3, [pc, #8]	@ (10fc <_lseek+0xc>)
    10f4:	f04f 30ff 	mov.w	r0, #4294967295	@ 0xffffffff
    10f8:	601a      	str	r2, [r3, #0]
    10fa:	4770      	bx	lr
    10fc:	2000019c 	.word	0x2000019c

00001100 <_read>:
    1100:	2258      	movs	r2, #88	@ 0x58
    1102:	4b02      	ldr	r3, [pc, #8]	@ (110c <_read+0xc>)
    1104:	f04f 30ff 	mov.w	r0, #4294967295	@ 0xffffffff
    1108:	601a      	str	r2, [r3, #0]
    110a:	4770      	bx	lr
    110c:	2000019c 	.word	0x2000019c

00001110 <_sbrk>:
    1110:	4a04      	ldr	r2, [pc, #16]	@ (1124 <_sbrk+0x14>)
    1112:	4905      	ldr	r1, [pc, #20]	@ (1128 <_sbrk+0x18>)
    1114:	6813      	ldr	r3, [r2, #0]
    1116:	2b00      	cmp	r3, #0
    1118:	bf08      	it	eq
    111a:	460b      	moveq	r3, r1
    111c:	4418      	add	r0, r3
    111e:	6010      	str	r0, [r2, #0]
    1120:	4618      	mov	r0, r3
    1122:	4770      	bx	lr
    1124:	200001ac 	.word	0x200001ac
    1128:	200001b0 	.word	0x200001b0

0000112c <_exit>:
    112c:	e7fe      	b.n	112c <_exit>
    112e:	bf00      	nop

00001130 <_init>:
    1130:	b5f8      	push	{r3, r4, r5, r6, r7, lr}
    1132:	bf00      	nop

00001134 <_fini>:
    1134:	b5f8      	push	{r3, r4, r5, r6, r7, lr}
    1136:	bf00      	nop
    1138:	30636261 	.word	0x30636261
    113c:	0000000a 	.word	0x0000000a
    1140:	31666564 	.word	0x31666564
    1144:	000a      	.short	0x000a
    1146:	2d23      	.short	0x2d23
    1148:	00202b30 	.word	0x00202b30
    114c:	004c6c68 	.word	0x004c6c68
    1150:	45676665 	.word	0x45676665
    1154:	30004746 	.word	0x30004746
    1158:	34333231 	.word	0x34333231
    115c:	38373635 	.word	0x38373635
    1160:	43424139 	.word	0x43424139
    1164:	00464544 	.word	0x00464544
    1168:	33323130 	.word	0x33323130
    116c:	37363534 	.word	0x37363534
    1170:	62613938 	.word	0x62613938
    1174:	66656463 	.word	0x66656463
	...
